Archive member included because of file (symbol)

c:/program files (x86)/gnu tools arm embedded/4.9 2014q4/bin/../lib/gcc/arm-none-eabi/4.9.3/../../../../arm-none-eabi/lib\libg.a(lib_a-exit.o)
                              c:/program files (x86)/gnu tools arm embedded/4.9 2014q4/bin/../lib/gcc/arm-none-eabi/4.9.3/../../../../arm-none-eabi/lib/crt0.o (exit)
c:/program files (x86)/gnu tools arm embedded/4.9 2014q4/bin/../lib/gcc/arm-none-eabi/4.9.3/../../../../arm-none-eabi/lib\libg.a(lib_a-impure.o)
                              c:/program files (x86)/gnu tools arm embedded/4.9 2014q4/bin/../lib/gcc/arm-none-eabi/4.9.3/../../../../arm-none-eabi/lib\libg.a(lib_a-exit.o) (_global_impure_ptr)
c:/program files (x86)/gnu tools arm embedded/4.9 2014q4/bin/../lib/gcc/arm-none-eabi/4.9.3/../../../../arm-none-eabi/lib\libg.a(lib_a-init.o)
                              c:/program files (x86)/gnu tools arm embedded/4.9 2014q4/bin/../lib/gcc/arm-none-eabi/4.9.3/../../../../arm-none-eabi/lib/crt0.o (__libc_init_array)
c:/program files (x86)/gnu tools arm embedded/4.9 2014q4/bin/../lib/gcc/arm-none-eabi/4.9.3/../../../../arm-none-eabi/lib\libg.a(lib_a-memset.o)
                              c:/program files (x86)/gnu tools arm embedded/4.9 2014q4/bin/../lib/gcc/arm-none-eabi/4.9.3/../../../../arm-none-eabi/lib/crt0.o (memset)
c:/program files (x86)/gnu tools arm embedded/4.9 2014q4/bin/../lib/gcc/arm-none-eabi/4.9.3/../../../../arm-none-eabi/lib\libg.a(lib_a-__call_atexit.o)
                              c:/program files (x86)/gnu tools arm embedded/4.9 2014q4/bin/../lib/gcc/arm-none-eabi/4.9.3/../../../../arm-none-eabi/lib\libg.a(lib_a-exit.o) (__call_exitprocs)
c:/program files (x86)/gnu tools arm embedded/4.9 2014q4/bin/../lib/gcc/arm-none-eabi/4.9.3/../../../../arm-none-eabi/lib\libg.a(lib_a-atexit.o)
                              c:/program files (x86)/gnu tools arm embedded/4.9 2014q4/bin/../lib/gcc/arm-none-eabi/4.9.3/../../../../arm-none-eabi/lib\libg.a(lib_a-__call_atexit.o) (atexit)
c:/program files (x86)/gnu tools arm embedded/4.9 2014q4/bin/../lib/gcc/arm-none-eabi/4.9.3/../../../../arm-none-eabi/lib\libg.a(lib_a-fini.o)
                              c:/program files (x86)/gnu tools arm embedded/4.9 2014q4/bin/../lib/gcc/arm-none-eabi/4.9.3/../../../../arm-none-eabi/lib\libg.a(lib_a-__call_atexit.o) (__libc_fini_array)
c:/program files (x86)/gnu tools arm embedded/4.9 2014q4/bin/../lib/gcc/arm-none-eabi/4.9.3/../../../../arm-none-eabi/lib\libg.a(lib_a-__atexit.o)
                              c:/program files (x86)/gnu tools arm embedded/4.9 2014q4/bin/../lib/gcc/arm-none-eabi/4.9.3/../../../../arm-none-eabi/lib\libg.a(lib_a-atexit.o) (__register_exitproc)

Allocating common symbols
Common symbol       size              file

imp_freq            0x1               ./src/globalTimer.o
SpiCounterTX        0x2               ./src/spi.o
ADC_SampleValue     0x6               ./src/globalTimer.o
xfunc_out           0x4               ./lib/xprintf/xprintf.o
uiUsartRecieved     0x1               ./src/stm32f4xx_it.o
StringLoop          0x3               ./src/uart.o
ADC_Value           0x10              ./src/globalTimer.o
adc_value           0x18              ./src/main.o
OutBit_InitStruct   0x8               ./src/outpin.o
cntr_emit_wd        0x2               ./src/globalTimer.o
data                0x4               ./src/uart.o
count               0x4               ./src/globalTimer.o
Signal              0x2               ./src/globalTimer.o
chr                 0x1               ./src/uart.o
RxMessage           0x4               ./src/stm32f4xx_it.o
Rs485Recieved       0x1               ./src/stm32f4xx_it.o

Discarded input sections

 .text          0x00000000        0x0 c:/program files (x86)/gnu tools arm embedded/4.9 2014q4/bin/../lib/gcc/arm-none-eabi/4.9.3/crti.o
 .data          0x00000000        0x0 c:/program files (x86)/gnu tools arm embedded/4.9 2014q4/bin/../lib/gcc/arm-none-eabi/4.9.3/crti.o
 .bss           0x00000000        0x0 c:/program files (x86)/gnu tools arm embedded/4.9 2014q4/bin/../lib/gcc/arm-none-eabi/4.9.3/crti.o
 .data          0x00000000        0x4 c:/program files (x86)/gnu tools arm embedded/4.9 2014q4/bin/../lib/gcc/arm-none-eabi/4.9.3/crtbegin.o
 .text          0x00000000      0x114 c:/program files (x86)/gnu tools arm embedded/4.9 2014q4/bin/../lib/gcc/arm-none-eabi/4.9.3/../../../../arm-none-eabi/lib/crt0.o
 .data          0x00000000        0x0 c:/program files (x86)/gnu tools arm embedded/4.9 2014q4/bin/../lib/gcc/arm-none-eabi/4.9.3/../../../../arm-none-eabi/lib/crt0.o
 .bss           0x00000000        0x0 c:/program files (x86)/gnu tools arm embedded/4.9 2014q4/bin/../lib/gcc/arm-none-eabi/4.9.3/../../../../arm-none-eabi/lib/crt0.o
 .ARM.extab     0x00000000        0x0 c:/program files (x86)/gnu tools arm embedded/4.9 2014q4/bin/../lib/gcc/arm-none-eabi/4.9.3/../../../../arm-none-eabi/lib/crt0.o
[...]
Memory Configuration

Name             Origin             Length             Attributes
FLASH            0x08000000         0x00100000         xr
RAM              0x20000000         0x00020000         xrw
CCMRAM           0x10000000         0x00010000         xrw
MEMORY_B1        0x60000000         0x00000000         xr
*default*        0x00000000         0xffffffff

Linker script and memory map

LOAD c:/program files (x86)/gnu tools arm embedded/4.9 2014q4/bin/../lib/gcc/arm-none-eabi/4.9.3/crti.o
LOAD c:/program files (x86)/gnu tools arm embedded/4.9 2014q4/bin/../lib/gcc/arm-none-eabi/4.9.3/crtbegin.o
LOAD c:/program files (x86)/gnu tools arm embedded/4.9 2014q4/bin/../lib/gcc/arm-none-eabi/4.9.3/../../../../arm-none-eabi/lib/crt0.o
LOAD ./startup/startup_stm32f4xx.o
LOAD ./startup/system_stm32f4xx.o
LOAD ./src/globalTimer.o
LOAD ./src/io.o
LOAD ./src/main.o
LOAD ./src/nvic.o
LOAD ./src/outpin.o
LOAD ./src/spi.o
LOAD ./src/stm32_ub_max5250.o
LOAD ./src/stm32_ub_spi2.o
LOAD ./src/stm32f4xx_it.o
LOAD ./src/uart.o
LOAD ./lib/xprintf/xprintf.o
LOAD ./lib/STM32F4xx_StdPeriph_Driver/src/misc.o
LOAD ./lib/STM32F4xx_StdPeriph_Driver/src/stm32f4xx_adc.o
LOAD ./lib/STM32F4xx_StdPeriph_Driver/src/stm32f4xx_can.o
LOAD ./lib/STM32F4xx_StdPeriph_Driver/src/stm32f4xx_crc.o
LOAD ./lib/STM32F4xx_StdPeriph_Driver/src/stm32f4xx_cryp.o
LOAD ./lib/STM32F4xx_StdPeriph_Driver/src/stm32f4xx_cryp_aes.o
LOAD ./lib/STM32F4xx_StdPeriph_Driver/src/stm32f4xx_cryp_des.o
LOAD ./lib/STM32F4xx_StdPeriph_Driver/src/stm32f4xx_cryp_tdes.o
LOAD ./lib/STM32F4xx_StdPeriph_Driver/src/stm32f4xx_dac.o
LOAD ./lib/STM32F4xx_StdPeriph_Driver/src/stm32f4xx_dbgmcu.o
LOAD ./lib/STM32F4xx_StdPeriph_Driver/src/stm32f4xx_dcmi.o
LOAD ./lib/STM32F4xx_StdPeriph_Driver/src/stm32f4xx_dma.o
LOAD ./lib/STM32F4xx_StdPeriph_Driver/src/stm32f4xx_exti.o
LOAD ./lib/STM32F4xx_StdPeriph_Driver/src/stm32f4xx_flash.o
LOAD ./lib/STM32F4xx_StdPeriph_Driver/src/stm32f4xx_fsmc.o
LOAD ./lib/STM32F4xx_StdPeriph_Driver/src/stm32f4xx_gpio.o
LOAD ./lib/STM32F4xx_StdPeriph_Driver/src/stm32f4xx_hash.o
LOAD ./lib/STM32F4xx_StdPeriph_Driver/src/stm32f4xx_hash_md5.o
LOAD ./lib/STM32F4xx_StdPeriph_Driver/src/stm32f4xx_hash_sha1.o
LOAD ./lib/STM32F4xx_StdPeriph_Driver/src/stm32f4xx_i2c.o
LOAD ./lib/STM32F4xx_StdPeriph_Driver/src/stm32f4xx_iwdg.o
LOAD ./lib/STM32F4xx_StdPeriph_Driver/src/stm32f4xx_pwr.o
LOAD ./lib/STM32F4xx_StdPeriph_Driver/src/stm32f4xx_rcc.o
LOAD ./lib/STM32F4xx_StdPeriph_Driver/src/stm32f4xx_rng.o
LOAD ./lib/STM32F4xx_StdPeriph_Driver/src/stm32f4xx_rtc.o
LOAD ./lib/STM32F4xx_StdPeriph_Driver/src/stm32f4xx_sdio.o
LOAD ./lib/STM32F4xx_StdPeriph_Driver/src/stm32f4xx_spi.o
LOAD ./lib/STM32F4xx_StdPeriph_Driver/src/stm32f4xx_syscfg.o
LOAD ./lib/STM32F4xx_StdPeriph_Driver/src/stm32f4xx_tim.o
LOAD ./lib/STM32F4xx_StdPeriph_Driver/src/stm32f4xx_usart.o
LOAD ./lib/STM32F4xx_StdPeriph_Driver/src/stm32f4xx_wwdg.o
START GROUP
LOAD c:/program files (x86)/gnu tools arm embedded/4.9 2014q4/bin/../lib/gcc/arm-none-eabi/4.9.3\libgcc.a
LOAD c:/program files (x86)/gnu tools arm embedded/4.9 2014q4/bin/../lib/gcc/arm-none-eabi/4.9.3/../../../../arm-none-eabi/lib\libg.a
LOAD c:/program files (x86)/gnu tools arm embedded/4.9 2014q4/bin/../lib/gcc/arm-none-eabi/4.9.3/../../../../arm-none-eabi/lib\libc.a
END GROUP
LOAD c:/program files (x86)/gnu tools arm embedded/4.9 2014q4/bin/../lib/gcc/arm-none-eabi/4.9.3/crtend.o
LOAD c:/program files (x86)/gnu tools arm embedded/4.9 2014q4/bin/../lib/gcc/arm-none-eabi/4.9.3/crtn.o
                0x20020000                _estack = 0x20020000
                0x00000000                _Min_Heap_Size = 0x0
                0x00000400                _Min_Stack_Size = 0x400

.isr_vector     0x08000000      0x188
                0x08000000                . = ALIGN (0x4)
 *(.isr_vector)
 .isr_vector    0x08000000      0x188 ./startup/startup_stm32f4xx.o
                0x08000000                g_pfnVectors
                0x08000188                . = ALIGN (0x4)

.text           0x08000188     0x1ebc
                0x08000188                . = ALIGN (0x4)
 *(.text)
 .text          0x08000188       0x98 c:/program files (x86)/gnu tools arm embedded/4.9 2014q4/bin/../lib/gcc/arm-none-eabi/4.9.3/crtbegin.o
 *(.text*)
 .text.Reset_Handler
                0x08000220       0x44 ./startup/startup_stm32f4xx.o
                0x08000220                Reset_Handler
 .text.Default_Handler
                0x08000264        0x2 ./startup/startup_stm32f4xx.o
                0x08000264                RTC_Alarm_IRQHandler
                0x08000264                HASH_RNG_IRQHandler
                0x08000264                EXTI2_IRQHandler
                0x08000264                TIM8_CC_IRQHandler
                0x08000264                TIM1_CC_IRQHandler
                0x08000264                DMA2_Stream5_IRQHandler
                0x08000264                DMA1_Stream5_IRQHandler
                0x08000264                SysTick_Handler
                0x08000264                PVD_IRQHandler
                0x08000264                SDIO_IRQHandler
                0x08000264                TAMP_STAMP_IRQHandler
                0x08000264                PendSV_Handler
                0x08000264                CAN2_RX1_IRQHandler
                0x08000264                EXTI3_IRQHandler
                0x08000264                TIM8_TRG_COM_TIM14_IRQHandler
                0x08000264                TIM1_UP_TIM10_IRQHandler
                0x08000264                TIM8_UP_TIM13_IRQHandler
                0x08000264                I2C3_ER_IRQHandler
                0x08000264                EXTI0_IRQHandler
                0x08000264                I2C2_EV_IRQHandler
                0x08000264                DMA1_Stream2_IRQHandler
                0x08000264                CAN1_RX0_IRQHandler
                0x08000264                FPU_IRQHandler
                0x08000264                OTG_HS_WKUP_IRQHandler
                0x08000264                CAN2_SCE_IRQHandler
                0x08000264                DMA2_Stream2_IRQHandler
                0x08000264                SPI1_IRQHandler
                0x08000264                TIM6_DAC_IRQHandler
                0x08000264                TIM1_BRK_TIM9_IRQHandler
                0x08000264                DCMI_IRQHandler
                0x08000264                CAN2_RX0_IRQHandler
                0x08000264                DMA2_Stream3_IRQHandler
                0x08000264                USART6_IRQHandler
                0x08000264                CRYP_IRQHandler
                0x08000264                CAN1_RX1_IRQHandler
                0x08000264                UART5_IRQHandler
                0x08000264                DMA2_Stream0_IRQHandler
                0x08000264                TIM4_IRQHandler
                0x08000264                I2C1_EV_IRQHandler
                0x08000264                DMA1_Stream6_IRQHandler
                0x08000264                DMA1_Stream1_IRQHandler
                0x08000264                UART4_IRQHandler
                0x08000264                TIM3_IRQHandler
                0x08000264                RCC_IRQHandler
                0x08000264                TIM8_BRK_TIM12_IRQHandler
                0x08000264                Default_Handler
                0x08000264                EXTI15_10_IRQHandler
                0x08000264                ADC_IRQHandler
                0x08000264                DMA1_Stream7_IRQHandler
                0x08000264                TIM7_IRQHandler
                0x08000264                CAN2_TX_IRQHandler
                0x08000264                DMA2_Stream7_IRQHandler
                0x08000264                I2C3_EV_IRQHandler
                0x08000264                EXTI9_5_IRQHandler
                0x08000264                RTC_WKUP_IRQHandler
                0x08000264                ETH_WKUP_IRQHandler
                0x08000264                SPI2_IRQHandler
                0x08000264                OTG_HS_EP1_IN_IRQHandler
                0x08000264                DMA1_Stream0_IRQHandler
                0x08000264                CAN1_TX_IRQHandler
                0x08000264                SVC_Handler
                0x08000264                EXTI4_IRQHandler
                0x08000264                FSMC_IRQHandler
                0x08000264                ETH_IRQHandler
                0x08000264                OTG_HS_EP1_OUT_IRQHandler
                0x08000264                WWDG_IRQHandler
                0x08000264                TIM2_IRQHandler
                0x08000264                OTG_FS_WKUP_IRQHandler
                0x08000264                TIM1_TRG_COM_TIM11_IRQHandler
                0x08000264                OTG_HS_IRQHandler
                0x08000264                EXTI1_IRQHandler
                0x08000264                USART2_IRQHandler
                0x08000264                I2C2_ER_IRQHandler
                0x08000264                DMA2_Stream1_IRQHandler
                0x08000264                CAN1_SCE_IRQHandler
                0x08000264                FLASH_IRQHandler
                0x08000264                DMA2_Stream4_IRQHandler
                0x08000264                USART1_IRQHandler
                0x08000264                OTG_FS_IRQHandler
                0x08000264                SPI3_IRQHandler
                0x08000264                DMA1_Stream4_IRQHandler
                0x08000264                I2C1_ER_IRQHandler
                0x08000264                DMA2_Stream6_IRQHandler
                0x08000264                DMA1_Stream3_IRQHandler
 *fill*         0x08000266        0x2 
 .text.SystemInit
                0x08000268       0xf8 ./startup/system_stm32f4xx.o
                0x08000268                SystemInit
 .text.GlobalTimerInit
                0x08000360       0x74 ./src/globalTimer.o
                0x08000360                GlobalTimerInit
 .text.TIM5_IRQHandler
                0x080003d4       0x48 ./src/globalTimer.o
                0x080003d4                TIM5_IRQHandler
 .text.delay_ms
                0x0800041c       0x2a ./src/globalTimer.o
                0x0800041c                delay_ms
 *fill*         0x08000446        0x2 
 .text.read_diafragm
                0x08000448       0x64 ./src/io.o
                0x08000448                read_diafragm
 .text.read_abs
                0x080004ac       0x70 ./src/io.o
                0x080004ac                read_abs
 .text.Initialization_All
                0x0800051c       0x2a ./src/main.o
                0x0800051c                Initialization_All
 *fill*         0x08000546        0x2 
 .text.isCriticalError
                0x08000548       0x1c ./src/main.o
                0x08000548                isCriticalError
 .text.stopEmission
                0x08000564       0x5c ./src/main.o
                0x08000564                stopEmission
 .text.startup.main
                0x080005c0      0x604 ./src/main.o
                0x080005c0                main
 .text.NVIC_conf
                0x08000bc4       0xd8 ./src/nvic.o
                0x08000bc4                NVIC_conf
 .text.init_outpin
                0x08000c9c      0x128 ./src/outpin.o
                0x08000c9c                init_outpin
 .text.close_shutter
                0x08000dc4       0x40 ./src/outpin.o
                0x08000dc4                close_shutter
 .text.open_shutter
                0x08000e04       0x40 ./src/outpin.o
                0x08000e04                open_shutter
 .text.left_shutter
                0x08000e44       0x40 ./src/outpin.o
                0x08000e44                left_shutter
 .text.right_shutter
                0x08000e84       0x40 ./src/outpin.o
                0x08000e84                right_shutter
 .text.close_iris
                0x08000ec4       0x40 ./src/outpin.o
                0x08000ec4                close_iris
 .text.open_iris
                0x08000f04       0x40 ./src/outpin.o
                0x08000f04                open_iris
 .text.stop_diaph
                0x08000f44       0x40 ./src/outpin.o
                0x08000f44                stop_diaph
 .text.Get_Debounced_0
                0x08000f84       0x2a ./src/outpin.o
                0x08000f84                Get_Debounced_0
 .text.delay    0x08000fae        0x2 ./src/spi.o
                0x08000fae                delay
 .text.Init_SPI2
                0x08000fb0       0xe8 ./src/spi.o
                0x08000fb0                Init_SPI2
 .text.Init_SPI3
                0x08001098       0xbc ./src/spi.o
                0x08001098                Init_SPI3
 .text.Delay    0x08001154       0x14 ./src/spi.o
                0x08001154                Delay
 .text.Out_Data_SPI2
                0x08001168       0x3c ./src/spi.o
                0x08001168                Out_Data_SPI2
 .text.Out_Data_SPI3
                0x080011a4       0x3c ./src/spi.o
                0x080011a4                Out_Data_SPI3
 .text.In_Data_SPI2
                0x080011e0       0x3c ./src/spi.o
                0x080011e0                In_Data_SPI2
 .text.In_Data_SPI3
                0x0800121c       0x3c ./src/spi.o
                0x0800121c                In_Data_SPI3
 .text.SetKVref
                0x08001258       0x48 ./src/spi.o
                0x08001258                SetKVref
 .text.SetKVzero
                0x080012a0       0x2c ./src/spi.o
                0x080012a0                SetKVzero
 .text.SetFil   0x080012cc       0x44 ./src/spi.o
                0x080012cc                SetFil
 .text.SetFilZero
                0x08001310       0x28 ./src/spi.o
                0x08001310                SetFilZero
 .text.NMI_Handler
                0x08001338        0x2 ./src/stm32f4xx_it.o
                0x08001338                NMI_Handler
 .text.HardFault_Handler
                0x0800133a        0x2 ./src/stm32f4xx_it.o
                0x0800133a                HardFault_Handler
 .text.MemManage_Handler
                0x0800133c        0x2 ./src/stm32f4xx_it.o
                0x0800133c                MemManage_Handler
 .text.BusFault_Handler
                0x0800133e        0x2 ./src/stm32f4xx_it.o
                0x0800133e                BusFault_Handler
 .text.UsageFault_Handler
                0x08001340        0x2 ./src/stm32f4xx_it.o
                0x08001340                UsageFault_Handler
 .text.DebugMon_Handler
                0x08001342        0x2 ./src/stm32f4xx_it.o
                0x08001342                DebugMon_Handler
 .text.Init_Uart3
                0x08001344       0xa8 ./src/uart.o
                0x08001344                Init_Uart3
 .text.send_Uart
                0x080013ec       0x1e ./src/uart.o
                0x080013ec                send_Uart
 *fill*         0x0800140a        0x2 
 .text.send_int_Usart
                0x0800140c       0x40 ./src/uart.o
                0x0800140c                send_int_Usart
 .text.USART3_IRQHandler
                0x0800144c      0x520 ./src/uart.o
                0x0800144c                USART3_IRQHandler
 .text.NVIC_Init
                0x0800196c       0x6c ./lib/STM32F4xx_StdPeriph_Driver/src/misc.o
                0x0800196c                NVIC_Init
 .text.GPIO_Init
                0x080019d8       0x70 ./lib/STM32F4xx_StdPeriph_Driver/src/stm32f4xx_gpio.o
                0x080019d8                GPIO_Init
 .text.GPIO_ReadInputDataBit
                0x08001a48        0xc ./lib/STM32F4xx_StdPeriph_Driver/src/stm32f4xx_gpio.o
                0x08001a48                GPIO_ReadInputDataBit
 .text.GPIO_SetBits
                0x08001a54        0x4 ./lib/STM32F4xx_StdPeriph_Driver/src/stm32f4xx_gpio.o
                0x08001a54                GPIO_SetBits
 .text.GPIO_ResetBits
                0x08001a58        0x4 ./lib/STM32F4xx_StdPeriph_Driver/src/stm32f4xx_gpio.o
                0x08001a58                GPIO_ResetBits
 .text.GPIO_ToggleBits
                0x08001a5c        0x8 ./lib/STM32F4xx_StdPeriph_Driver/src/stm32f4xx_gpio.o
                0x08001a5c                GPIO_ToggleBits
 .text.GPIO_PinAFConfig
                0x08001a64       0x24 ./lib/STM32F4xx_StdPeriph_Driver/src/stm32f4xx_gpio.o
                0x08001a64                GPIO_PinAFConfig
 .text.RCC_GetClocksFreq
                0x08001a88       0x88 ./lib/STM32F4xx_StdPeriph_Driver/src/stm32f4xx_rcc.o
                0x08001a88                RCC_GetClocksFreq
 .text.RCC_AHB1PeriphClockCmd
                0x08001b10       0x18 ./lib/STM32F4xx_StdPeriph_Driver/src/stm32f4xx_rcc.o
                0x08001b10                RCC_AHB1PeriphClockCmd
 .text.RCC_APB1PeriphClockCmd
                0x08001b28       0x18 ./lib/STM32F4xx_StdPeriph_Driver/src/stm32f4xx_rcc.o
                0x08001b28                RCC_APB1PeriphClockCmd
 .text.RCC_APB1PeriphResetCmd
                0x08001b40       0x18 ./lib/STM32F4xx_StdPeriph_Driver/src/stm32f4xx_rcc.o
                0x08001b40                RCC_APB1PeriphResetCmd
 .text.RCC_APB2PeriphResetCmd
                0x08001b58       0x18 ./lib/STM32F4xx_StdPeriph_Driver/src/stm32f4xx_rcc.o
                0x08001b58                RCC_APB2PeriphResetCmd
 .text.SPI_I2S_DeInit
                0x08001b70       0x64 ./lib/STM32F4xx_StdPeriph_Driver/src/stm32f4xx_spi.o
                0x08001b70                SPI_I2S_DeInit
 .text.SPI_Init
                0x08001bd4       0x3e ./lib/STM32F4xx_StdPeriph_Driver/src/stm32f4xx_spi.o
                0x08001bd4                SPI_Init
 .text.SPI_Cmd  0x08001c12       0x18 ./lib/STM32F4xx_StdPeriph_Driver/src/stm32f4xx_spi.o
                0x08001c12                SPI_Cmd
 .text.SPI_SSOutputCmd
                0x08001c2a       0x18 ./lib/STM32F4xx_StdPeriph_Driver/src/stm32f4xx_spi.o
                0x08001c2a                SPI_SSOutputCmd
 .text.SPI_I2S_ReceiveData
                0x08001c42        0x6 ./lib/STM32F4xx_StdPeriph_Driver/src/stm32f4xx_spi.o
                0x08001c42                SPI_I2S_ReceiveData
 .text.SPI_I2S_SendData
                0x08001c48        0x4 ./lib/STM32F4xx_StdPeriph_Driver/src/stm32f4xx_spi.o
                0x08001c48                SPI_I2S_SendData
 .text.SPI_I2S_ITConfig
                0x08001c4c       0x1e ./lib/STM32F4xx_StdPeriph_Driver/src/stm32f4xx_spi.o
                0x08001c4c                SPI_I2S_ITConfig
 .text.SPI_I2S_ClearFlag
                0x08001c6a        0x8 ./lib/STM32F4xx_StdPeriph_Driver/src/stm32f4xx_spi.o
                0x08001c6a                SPI_I2S_ClearFlag
 *fill*         0x08001c72        0x2 
 .text.TIM_TimeBaseInit
                0x08001c74       0x7c ./lib/STM32F4xx_StdPeriph_Driver/src/stm32f4xx_tim.o
                0x08001c74                TIM_TimeBaseInit
 .text.TIM_UpdateDisableConfig
                0x08001cf0       0x18 ./lib/STM32F4xx_StdPeriph_Driver/src/stm32f4xx_tim.o
                0x08001cf0                TIM_UpdateDisableConfig
 .text.TIM_UpdateRequestConfig
                0x08001d08       0x18 ./lib/STM32F4xx_StdPeriph_Driver/src/stm32f4xx_tim.o
                0x08001d08                TIM_UpdateRequestConfig
 .text.TIM_Cmd  0x08001d20       0x18 ./lib/STM32F4xx_StdPeriph_Driver/src/stm32f4xx_tim.o
                0x08001d20                TIM_Cmd
 .text.TIM_ITConfig
                0x08001d38       0x12 ./lib/STM32F4xx_StdPeriph_Driver/src/stm32f4xx_tim.o
                0x08001d38                TIM_ITConfig
 .text.TIM_ClearITPendingBit
                0x08001d4a        0x8 ./lib/STM32F4xx_StdPeriph_Driver/src/stm32f4xx_tim.o
                0x08001d4a                TIM_ClearITPendingBit
 *fill*         0x08001d52        0x2 
 .text.USART_Init
                0x08001d54       0xb0 ./lib/STM32F4xx_StdPeriph_Driver/src/stm32f4xx_usart.o
                0x08001d54                USART_Init
 .text.USART_Cmd
                0x08001e04       0x18 ./lib/STM32F4xx_StdPeriph_Driver/src/stm32f4xx_usart.o
                0x08001e04                USART_Cmd
 .text.USART_SendData
                0x08001e1c        0x8 ./lib/STM32F4xx_StdPeriph_Driver/src/stm32f4xx_usart.o
                0x08001e1c                USART_SendData
 .text.USART_ITConfig
                0x08001e24       0x32 ./lib/STM32F4xx_StdPeriph_Driver/src/stm32f4xx_usart.o
                0x08001e24                USART_ITConfig
 .text.USART_GetFlagStatus
                0x08001e56        0xc ./lib/STM32F4xx_StdPeriph_Driver/src/stm32f4xx_usart.o
                0x08001e56                USART_GetFlagStatus
 .text.USART_GetITStatus
                0x08001e62       0x3e ./lib/STM32F4xx_StdPeriph_Driver/src/stm32f4xx_usart.o
                0x08001e62                USART_GetITStatus
 .text.startup.register_fini
                0x08001ea0       0x24 c:/program files (x86)/gnu tools arm embedded/4.9 2014q4/bin/../lib/gcc/arm-none-eabi/4.9.3/../../../../arm-none-eabi/lib\libg.a(lib_a-__call_atexit.o)
 .text.atexit   0x08001ec4       0x20 c:/program files (x86)/gnu tools arm embedded/4.9 2014q4/bin/../lib/gcc/arm-none-eabi/4.9.3/../../../../arm-none-eabi/lib\libg.a(lib_a-atexit.o)
                0x08001ec4                atexit
 .text.__libc_fini_array
                0x08001ee4       0x48 c:/program files (x86)/gnu tools arm embedded/4.9 2014q4/bin/../lib/gcc/arm-none-eabi/4.9.3/../../../../arm-none-eabi/lib\libg.a(lib_a-fini.o)
                0x08001ee4                __libc_fini_array
 .text.__register_exitproc
                0x08001f2c       0xe0 c:/program files (x86)/gnu tools arm embedded/4.9 2014q4/bin/../lib/gcc/arm-none-eabi/4.9.3/../../../../arm-none-eabi/lib\libg.a(lib_a-__atexit.o)
                0x08001f2c                __register_exitproc
 *(.rodata)
 *(.rodata*)
 .rodata.str1.4
                0x0800200c        0x4 c:/program files (x86)/gnu tools arm embedded/4.9 2014q4/bin/../lib/gcc/arm-none-eabi/4.9.3/../../../../arm-none-eabi/lib\libg.a(lib_a-impure.o)
 .rodata._global_impure_ptr
                0x08002010        0x4 c:/program files (x86)/gnu tools arm embedded/4.9 2014q4/bin/../lib/gcc/arm-none-eabi/4.9.3/../../../../arm-none-eabi/lib\libg.a(lib_a-impure.o)
                0x08002010                _global_impure_ptr
 *(.glue_7)
 .glue_7        0x00000000        0x0 linker stubs
 *(.glue_7t)
 .glue_7t       0x00000000        0x0 linker stubs
 *(.eh_frame)
 .eh_frame      0x08002014        0x0 c:/program files (x86)/gnu tools arm embedded/4.9 2014q4/bin/../lib/gcc/arm-none-eabi/4.9.3/crtbegin.o
 *(.init)
 .init          0x08002014        0xc c:/program files (x86)/gnu tools arm embedded/4.9 2014q4/bin/../lib/gcc/arm-none-eabi/4.9.3/crti.o
                0x08002014                _init
 .init          0x08002020        0xc c:/program files (x86)/gnu tools arm embedded/4.9 2014q4/bin/../lib/gcc/arm-none-eabi/4.9.3/crtn.o
 *(.fini)
 .fini          0x0800202c        0xc c:/program files (x86)/gnu tools arm embedded/4.9 2014q4/bin/../lib/gcc/arm-none-eabi/4.9.3/crti.o
                0x0800202c                _fini
 .fini          0x08002038        0xc c:/program files (x86)/gnu tools arm embedded/4.9 2014q4/bin/../lib/gcc/arm-none-eabi/4.9.3/crtn.o
                0x08002044                . = ALIGN (0x4)
                0x08002044                _etext = .

.vfp11_veneer   0x08002044        0x0
 .vfp11_veneer  0x00000000        0x0 linker stubs

.v4_bx          0x08002044        0x0
 .v4_bx         0x00000000        0x0 linker stubs

.iplt           0x08002044        0x0
 .iplt          0x00000000        0x0 c:/program files (x86)/gnu tools arm embedded/4.9 2014q4/bin/../lib/gcc/arm-none-eabi/4.9.3/crtbegin.o

.rel.dyn        0x08002044        0x0
 .rel.iplt      0x00000000        0x0 c:/program files (x86)/gnu tools arm embedded/4.9 2014q4/bin/../lib/gcc/arm-none-eabi/4.9.3/crtbegin.o

.ARM.extab
 *(.ARM.extab* .gnu.linkonce.armextab.*)

.ARM            0x08002044        0x0
                0x08002044                __exidx_start = .
 *(.ARM.exidx*)
                0x08002044                __exidx_end = .

.preinit_array  0x08002044        0x0
                0x08002044                PROVIDE (__preinit_array_start, .)
 *(.preinit_array*)
                0x08002044                PROVIDE (__preinit_array_end, .)

.init_array     0x08002044        0x8
                0x08002044                PROVIDE (__init_array_start, .)
 *(SORT(.init_array.*))
 .init_array.00000
                0x08002044        0x4 c:/program files (x86)/gnu tools arm embedded/4.9 2014q4/bin/../lib/gcc/arm-none-eabi/4.9.3/../../../../arm-none-eabi/lib\libg.a(lib_a-__call_atexit.o)
 *(.init_array*)
 .init_array    0x08002048        0x4 c:/program files (x86)/gnu tools arm embedded/4.9 2014q4/bin/../lib/gcc/arm-none-eabi/4.9.3/crtbegin.o
                0x0800204c                PROVIDE (__init_array_end, .)

.fini_array     0x0800204c        0x4
                0x0800204c                PROVIDE (__fini_array_start, .)
 *(.fini_array*)
 .fini_array    0x0800204c        0x4 c:/program files (x86)/gnu tools arm embedded/4.9 2014q4/bin/../lib/gcc/arm-none-eabi/4.9.3/crtbegin.o
 *(SORT(.fini_array.*))
                0x08002050                PROVIDE (__fini_array_end, .)
                0x08002050                _sidata = .

.data           0x20000000      0x440 load address 0x08002050
                0x20000000                . = ALIGN (0x4)
                0x20000000                _sdata = .
 *(.data)
 *(.data*)
 .data.kv_ref   0x20000000        0x1 ./src/main.o
                0x20000000                kv_ref
 *fill*         0x20000001        0x1 
 .data.fil_ref  0x20000002        0x2 ./src/main.o
                0x20000002                fil_ref
 .data.imp_len  0x20000004        0x2 ./src/main.o
                0x20000004                imp_len
 .data.ma_ref   0x20000006        0x1 ./src/main.o
                0x20000006                ma_ref
 .data.bytesToSend
                0x20000007        0x1 ./src/uart.o
                0x20000007                bytesToSend
 .data.APBAHBPrescTable
                0x20000008       0x10 ./lib/STM32F4xx_StdPeriph_Driver/src/stm32f4xx_rcc.o
 .data.impure_data
                0x20000018      0x428 c:/program files (x86)/gnu tools arm embedded/4.9 2014q4/bin/../lib/gcc/arm-none-eabi/4.9.3/../../../../arm-none-eabi/lib\libg.a(lib_a-impure.o)
                0x20000440                . = ALIGN (0x4)
                0x20000440                _edata = .

.jcr            0x20000440        0x0 load address 0x08002490
 .jcr           0x20000440        0x0 c:/program files (x86)/gnu tools arm embedded/4.9 2014q4/bin/../lib/gcc/arm-none-eabi/4.9.3/crtbegin.o

.igot.plt       0x20000440        0x0 load address 0x08002490
 .igot.plt      0x00000000        0x0 c:/program files (x86)/gnu tools arm embedded/4.9 2014q4/bin/../lib/gcc/arm-none-eabi/4.9.3/crtbegin.o
                0x20000440                . = ALIGN (0x4)

.bss            0x20000440       0x78 load address 0x08002490
                0x20000440                _sbss = .
                0x20000440                __bss_start__ = _sbss
 *(.bss)
 .bss           0x20000440       0x1c c:/program files (x86)/gnu tools arm embedded/4.9 2014q4/bin/../lib/gcc/arm-none-eabi/4.9.3/crtbegin.o
 *(.bss*)
 .bss.iris_fback
                0x2000045c        0x2 ./src/main.o
                0x2000045c                iris_fback
 .bss.mode_kg   0x2000045e        0x1 ./src/main.o
                0x2000045e                mode_kg
 *fill*         0x2000045f        0x1 
 .bss.cntr_laser
                0x20000460        0x2 ./src/main.o
                0x20000460                cntr_laser
 .bss.cntr_diaph
                0x20000462        0x2 ./src/main.o
                0x20000462                cntr_diaph
 .bss.cntr_imp  0x20000464        0x2 ./src/main.o
                0x20000464                cntr_imp
 .bss.ma_measured
                0x20000466        0x2 ./src/main.o
                0x20000466                ma_measured
 .bss.abs_fback
                0x20000468        0x2 ./src/main.o
                0x20000468                abs_fback
 .bss.state_err
                0x2000046a        0x1 ./src/main.o
                0x2000046a                state_err
 *fill*         0x2000046b        0x1 
 .bss.cntr1     0x2000046c        0x2 ./src/main.o
                0x2000046c                cntr1
 .bss.pedalPressed1
                0x2000046e        0x1 ./src/main.o
                0x2000046e                pedalPressed1
 .bss.pedalPressed2
                0x2000046f        0x1 ./src/main.o
                0x2000046f                pedalPressed2
 .bss.emitConfirm
                0x20000470        0x1 ./src/main.o
                0x20000470                emitConfirm
 .bss.buttonPressed2
                0x20000471        0x1 ./src/main.o
                0x20000471                buttonPressed2
 .bss.buttonPressed1
                0x20000472        0x1 ./src/main.o
                0x20000472                buttonPressed1
 .bss.mode_emit
                0x20000473        0x1 ./src/main.o
                0x20000473                mode_emit
 .bss.sendDataCounter
                0x20000474        0x1 ./src/uart.o
                0x20000474                sendDataCounter
 .bss.recData   0x20000475        0x1 ./src/uart.o
                0x20000475                recData
 *fill*         0x20000476        0x2 
 .bss.tx_index.6701
                0x20000478        0x4 ./src/uart.o
 .bss.tempByte  0x2000047c        0x1 ./src/uart.o
                0x2000047c                tempByte
 .bss.recImpL   0x2000047d        0x1 ./src/uart.o
                0x2000047d                recImpL
 .bss.recFilL   0x2000047e        0x1 ./src/uart.o
                0x2000047e                recFilL
 *(COMMON)
 *fill*         0x2000047f        0x1 
 COMMON         0x20000480       0x22 ./src/globalTimer.o
                0x20000480                imp_freq
                0x20000482                ADC_SampleValue
                0x20000488                ADC_Value
                0x20000498                cntr_emit_wd
                0x2000049c                count
                0x200004a0                Signal
 *fill*         0x200004a2        0x2 
 COMMON         0x200004a4        0x8 ./src/outpin.o
                0x200004a4                OutBit_InitStruct
 COMMON         0x200004ac        0x9 ./src/uart.o
                0x200004ac                StringLoop
                0x200004b0                data
                0x200004b4                chr
                0x200004b8                . = ALIGN (0x4)
 *fill*         0x200004b5        0x3 
                0x200004b8                _ebss = .
                0x200004b8                __bss_end__ = _ebss

._user_heap_stack
                0x200004b8      0x400 load address 0x08002508
                0x200004b8                . = ALIGN (0x4)
                0x200004b8                PROVIDE (end, .)
                0x200004b8                PROVIDE (_end, .)
                0x200004b8                . = (. + _Min_Heap_Size)
                0x200008b8                . = (. + _Min_Stack_Size)
 *fill*         0x200004b8      0x400 
                0x200008b8                . = ALIGN (0x4)

.memory_b1_text
 *(.mb1text)
 *(.mb1text*)
 *(.mb1rodata)
 *(.mb1rodata*)

/DISCARD/
 libc.a(*)
 libm.a(*)
 libgcc.a(*)

.ARM.attributes
                0x00000000       0x30
 *(.ARM.attributes)
 .ARM.attributes
                0x00000000       0x16 c:/program files (x86)/gnu tools arm embedded/4.9 2014q4/bin/../lib/gcc/arm-none-eabi/4.9.3/crti.o
 .ARM.attributes
                0x00000016       0x30 c:/program files (x86)/gnu tools arm embedded/4.9 2014q4/bin/../lib/gcc/arm-none-eabi/4.9.3/crtbegin.o
 .ARM.attributes
                0x00000046       0x21 ./startup/startup_stm32f4xx.o
 .ARM.attributes
                0x00000067       0x32 ./startup/system_stm32f4xx.o
 .ARM.attributes
                0x00000099       0x32 ./src/globalTimer.o
 .ARM.attributes
                0x000000cb       0x32 ./src/io.o
 .ARM.attributes
                0x000000fd       0x32 ./src/main.o
 .ARM.attributes
                0x0000012f       0x32 ./src/nvic.o
 .ARM.attributes
                0x00000161       0x32 ./src/outpin.o
 .ARM.attributes
                0x00000193       0x32 ./src/spi.o
 .ARM.attributes
                0x000001c5       0x32 ./src/stm32f4xx_it.o
 .ARM.attributes
                0x000001f7       0x32 ./src/uart.o
 .ARM.attributes
                0x00000229       0x32 ./lib/STM32F4xx_StdPeriph_Driver/src/misc.o
 .ARM.attributes
                0x0000025b       0x32 ./lib/STM32F4xx_StdPeriph_Driver/src/stm32f4xx_gpio.o
 .ARM.attributes
                0x0000028d       0x32 ./lib/STM32F4xx_StdPeriph_Driver/src/stm32f4xx_rcc.o
 .ARM.attributes
                0x000002bf       0x32 ./lib/STM32F4xx_StdPeriph_Driver/src/stm32f4xx_spi.o
 .ARM.attributes
                0x000002f1       0x32 ./lib/STM32F4xx_StdPeriph_Driver/src/stm32f4xx_tim.o
 .ARM.attributes
                0x00000323       0x32 ./lib/STM32F4xx_StdPeriph_Driver/src/stm32f4xx_usart.o
 .ARM.attributes
                0x00000355       0x30 c:/program files (x86)/gnu tools arm embedded/4.9 2014q4/bin/../lib/gcc/arm-none-eabi/4.9.3/../../../../arm-none-eabi/lib\libg.a(lib_a-impure.o)
 .ARM.attributes
                0x00000385       0x30 c:/program files (x86)/gnu tools arm embedded/4.9 2014q4/bin/../lib/gcc/arm-none-eabi/4.9.3/../../../../arm-none-eabi/lib\libg.a(lib_a-__call_atexit.o)
 .ARM.attributes
                0x000003b5       0x30 c:/program files (x86)/gnu tools arm embedded/4.9 2014q4/bin/../lib/gcc/arm-none-eabi/4.9.3/../../../../arm-none-eabi/lib\libg.a(lib_a-atexit.o)
 .ARM.attributes
                0x000003e5       0x30 c:/program files (x86)/gnu tools arm embedded/4.9 2014q4/bin/../lib/gcc/arm-none-eabi/4.9.3/../../../../arm-none-eabi/lib\libg.a(lib_a-fini.o)
 .ARM.attributes
                0x00000415       0x30 c:/program files (x86)/gnu tools arm embedded/4.9 2014q4/bin/../lib/gcc/arm-none-eabi/4.9.3/../../../../arm-none-eabi/lib\libg.a(lib_a-__atexit.o)
 .ARM.attributes
                0x00000445       0x18 c:/program files (x86)/gnu tools arm embedded/4.9 2014q4/bin/../lib/gcc/arm-none-eabi/4.9.3/crtn.o
OUTPUT(CollimatorCPU.elf elf32-littlearm)

.debug_line     0x00000000     0x3a9d
 .debug_line    0x00000000       0x7a ./startup/startup_stm32f4xx.o
 .debug_line    0x0000007a      0x1f7 ./startup/system_stm32f4xx.o
 .debug_line    0x00000271      0x28c ./src/globalTimer.o
 .debug_line    0x000004fd      0x2c2 ./src/io.o
 .debug_line    0x000007bf      0x397 ./src/main.o
 .debug_line    0x00000b56      0x266 ./src/nvic.o
 .debug_line    0x00000dbc      0x342 ./src/outpin.o
 .debug_line    0x000010fe      0x3ec ./src/spi.o
 .debug_line    0x000014ea      0x215 ./src/stm32f4xx_it.o
 .debug_line    0x000016ff      0x3d7 ./src/uart.o
 .debug_line    0x00001ad6      0x25d ./lib/STM32F4xx_StdPeriph_Driver/src/misc.o
 .debug_line    0x00001d33      0x360 ./lib/STM32F4xx_StdPeriph_Driver/src/stm32f4xx_gpio.o
 .debug_line    0x00002093      0x596 ./lib/STM32F4xx_StdPeriph_Driver/src/stm32f4xx_rcc.o
 .debug_line    0x00002629      0x499 ./lib/STM32F4xx_StdPeriph_Driver/src/stm32f4xx_spi.o
 .debug_line    0x00002ac2      0xb0b ./lib/STM32F4xx_StdPeriph_Driver/src/stm32f4xx_tim.o
 .debug_line    0x000035cd      0x4d0 ./lib/STM32F4xx_StdPeriph_Driver/src/stm32f4xx_usart.o

.debug_info     0x00000000     0xbf33
 .debug_info    0x00000000       0x66 ./startup/startup_stm32f4xx.o
 .debug_info    0x00000066      0x5b7 ./startup/system_stm32f4xx.o
 .debug_info    0x0000061d      0xa83 ./src/globalTimer.o
 .debug_info    0x000010a0      0xd08 ./src/io.o
 .debug_info    0x00001da8      0xca1 ./src/main.o
 .debug_info    0x00002a49      0xad5 ./src/nvic.o
 .debug_info    0x0000351e      0xbff ./src/outpin.o
 .debug_info    0x0000411d     0x144f ./src/spi.o
 .debug_info    0x0000556c      0x3e5 ./src/stm32f4xx_it.o
 .debug_info    0x00005951     0x1609 ./src/uart.o
 .debug_info    0x00006f5a      0x545 ./lib/STM32F4xx_StdPeriph_Driver/src/misc.o
 .debug_info    0x0000749f      0x710 ./lib/STM32F4xx_StdPeriph_Driver/src/stm32f4xx_gpio.o
 .debug_info    0x00007baf      0xc90 ./lib/STM32F4xx_StdPeriph_Driver/src/stm32f4xx_rcc.o
 .debug_info    0x0000883f      0xba5 ./lib/STM32F4xx_StdPeriph_Driver/src/stm32f4xx_spi.o
 .debug_info    0x000093e4     0x207b ./lib/STM32F4xx_StdPeriph_Driver/src/stm32f4xx_tim.o
 .debug_info    0x0000b45f      0xad4 ./lib/STM32F4xx_StdPeriph_Driver/src/stm32f4xx_usart.o

.debug_abbrev   0x00000000     0x1c36
 .debug_abbrev  0x00000000       0x12 ./startup/startup_stm32f4xx.o
 .debug_abbrev  0x00000012      0x15f ./startup/system_stm32f4xx.o
 .debug_abbrev  0x00000171      0x18b ./src/globalTimer.o
 .debug_abbrev  0x000002fc      0x1b5 ./src/io.o
 .debug_abbrev  0x000004b1      0x1f9 ./src/main.o
 .debug_abbrev  0x000006aa      0x1d3 ./src/nvic.o
 .debug_abbrev  0x0000087d      0x1b8 ./src/outpin.o
 .debug_abbrev  0x00000a35      0x267 ./src/spi.o
 .debug_abbrev  0x00000c9c       0xbe ./src/stm32f4xx_it.o
 .debug_abbrev  0x00000d5a      0x310 ./src/uart.o
 .debug_abbrev  0x0000106a      0x156 ./lib/STM32F4xx_StdPeriph_Driver/src/misc.o
 .debug_abbrev  0x000011c0      0x1e8 ./lib/STM32F4xx_StdPeriph_Driver/src/stm32f4xx_gpio.o
 .debug_abbrev  0x000013a8      0x20b ./lib/STM32F4xx_StdPeriph_Driver/src/stm32f4xx_rcc.o
 .debug_abbrev  0x000015b3      0x1e7 ./lib/STM32F4xx_StdPeriph_Driver/src/stm32f4xx_spi.o
 .debug_abbrev  0x0000179a      0x2af ./lib/STM32F4xx_StdPeriph_Driver/src/stm32f4xx_tim.o
 .debug_abbrev  0x00001a49      0x1ed ./lib/STM32F4xx_StdPeriph_Driver/src/stm32f4xx_usart.o

.debug_aranges  0x00000000      0x9b0
 .debug_aranges
                0x00000000       0x28 ./startup/startup_stm32f4xx.o
 .debug_aranges
                0x00000028       0x28 ./startup/system_stm32f4xx.o
 .debug_aranges
                0x00000050       0x38 ./src/globalTimer.o
 .debug_aranges
                0x00000088       0x30 ./src/io.o
 .debug_aranges
                0x000000b8       0x38 ./src/main.o
 .debug_aranges
                0x000000f0       0x20 ./src/nvic.o
 .debug_aranges
                0x00000110       0x68 ./src/outpin.o
 .debug_aranges
                0x00000178       0x98 ./src/spi.o
 .debug_aranges
                0x00000210       0x48 ./src/stm32f4xx_it.o
 .debug_aranges
                0x00000258       0x50 ./src/uart.o
 .debug_aranges
                0x000002a8       0x40 ./lib/STM32F4xx_StdPeriph_Driver/src/misc.o
 .debug_aranges
                0x000002e8       0x88 ./lib/STM32F4xx_StdPeriph_Driver/src/stm32f4xx_gpio.o
 .debug_aranges
                0x00000370      0x178 ./lib/STM32F4xx_StdPeriph_Driver/src/stm32f4xx_rcc.o
 .debug_aranges
                0x000004e8       0xe0 ./lib/STM32F4xx_StdPeriph_Driver/src/stm32f4xx_spi.o
 .debug_aranges
                0x000005c8      0x2e8 ./lib/STM32F4xx_StdPeriph_Driver/src/stm32f4xx_tim.o
 .debug_aranges
                0x000008b0      0x100 ./lib/STM32F4xx_StdPeriph_Driver/src/stm32f4xx_usart.o

.debug_ranges   0x00000000      0x940
 .debug_ranges  0x00000000       0x20 ./startup/startup_stm32f4xx.o
 .debug_ranges  0x00000020       0x30 ./startup/system_stm32f4xx.o
 .debug_ranges  0x00000050       0x28 ./src/globalTimer.o
 .debug_ranges  0x00000078       0x20 ./src/io.o
 .debug_ranges  0x00000098       0x28 ./src/main.o
 .debug_ranges  0x000000c0       0x30 ./src/nvic.o
 .debug_ranges  0x000000f0       0x58 ./src/outpin.o
 .debug_ranges  0x00000148       0x88 ./src/spi.o
 .debug_ranges  0x000001d0       0x38 ./src/stm32f4xx_it.o
 .debug_ranges  0x00000208       0x58 ./src/uart.o
 .debug_ranges  0x00000260       0x30 ./lib/STM32F4xx_StdPeriph_Driver/src/misc.o
 .debug_ranges  0x00000290       0x78 ./lib/STM32F4xx_StdPeriph_Driver/src/stm32f4xx_gpio.o
 .debug_ranges  0x00000308      0x168 ./lib/STM32F4xx_StdPeriph_Driver/src/stm32f4xx_rcc.o
 .debug_ranges  0x00000470       0xd0 ./lib/STM32F4xx_StdPeriph_Driver/src/stm32f4xx_spi.o
 .debug_ranges  0x00000540      0x310 ./lib/STM32F4xx_StdPeriph_Driver/src/stm32f4xx_tim.o
 .debug_ranges  0x00000850       0xf0 ./lib/STM32F4xx_StdPeriph_Driver/src/stm32f4xx_usart.o

.debug_loc      0x00000000     0x3e6b
 .debug_loc     0x00000000       0xdf ./startup/system_stm32f4xx.o
 .debug_loc     0x000000df       0x3f ./src/globalTimer.o
 .debug_loc     0x0000011e       0x6d ./src/io.o
 .debug_loc     0x0000018b       0x94 ./src/main.o
 .debug_loc     0x0000021f       0x35 ./src/nvic.o
 .debug_loc     0x00000254       0xe7 ./src/outpin.o
 .debug_loc     0x0000033b      0x1c1 ./src/spi.o
 .debug_loc     0x000004fc      0x269 ./src/uart.o
 .debug_loc     0x00000765      0x154 ./lib/STM32F4xx_StdPeriph_Driver/src/misc.o
 .debug_loc     0x000008b9      0x325 ./lib/STM32F4xx_StdPeriph_Driver/src/stm32f4xx_gpio.o
 .debug_loc     0x00000bde      0xa06 ./lib/STM32F4xx_StdPeriph_Driver/src/stm32f4xx_rcc.o
 .debug_loc     0x000015e4      0x666 ./lib/STM32F4xx_StdPeriph_Driver/src/stm32f4xx_spi.o
 .debug_loc     0x00001c4a     0x1ac8 ./lib/STM32F4xx_StdPeriph_Driver/src/stm32f4xx_tim.o
 .debug_loc     0x00003712      0x759 ./lib/STM32F4xx_StdPeriph_Driver/src/stm32f4xx_usart.o

.debug_str      0x00000000     0x3040
 .debug_str     0x00000000      0x3b2 ./startup/system_stm32f4xx.o
                                0x426 (size before relaxing)
 .debug_str     0x000003b2      0x91a ./src/globalTimer.o
                                0xb6b (size before relaxing)
 .debug_str     0x00000ccc      0x56e ./src/io.o
                                0x8aa (size before relaxing)
 .debug_str     0x0000123a      0x180 ./src/main.o
                                0x502 (size before relaxing)
 .debug_str     0x000013ba       0xf4 ./src/nvic.o
                                0xa7b (size before relaxing)
 .debug_str     0x000014ae       0x6e ./src/outpin.o
                                0x5cc (size before relaxing)
 .debug_str     0x0000151c      0x219 ./src/spi.o
                                0xd30 (size before relaxing)
 .debug_str     0x00001735       0xb8 ./src/stm32f4xx_it.o
                                0x3da (size before relaxing)
 .debug_str     0x000017ed      0x1cd ./src/uart.o
                                0xddc (size before relaxing)
 .debug_str     0x000019ba      0x11c ./lib/STM32F4xx_StdPeriph_Driver/src/misc.o
                                0x45f (size before relaxing)
 .debug_str     0x00001ad6      0x149 ./lib/STM32F4xx_StdPeriph_Driver/src/stm32f4xx_gpio.o
                                0x55b (size before relaxing)
 .debug_str     0x00001c1f      0x492 ./lib/STM32F4xx_StdPeriph_Driver/src/stm32f4xx_rcc.o
                                0x8e1 (size before relaxing)
 .debug_str     0x000020b1      0x263 ./lib/STM32F4xx_StdPeriph_Driver/src/stm32f4xx_spi.o
                                0x749 (size before relaxing)
 .debug_str     0x00002314      0xa07 ./lib/STM32F4xx_StdPeriph_Driver/src/stm32f4xx_tim.o
                                0xe8f (size before relaxing)
 .debug_str     0x00002d1b      0x325 ./lib/STM32F4xx_StdPeriph_Driver/src/stm32f4xx_usart.o
                                0x760 (size before relaxing)

.comment        0x00000000       0x70
 .comment       0x00000000       0x70 ./startup/system_stm32f4xx.o
                                 0x71 (size before relaxing)
 .comment       0x00000000       0x71 ./src/globalTimer.o
 .comment       0x00000000       0x71 ./src/io.o
 .comment       0x00000000       0x71 ./src/main.o
 .comment       0x00000000       0x71 ./src/nvic.o
 .comment       0x00000000       0x71 ./src/outpin.o
 .comment       0x00000000       0x71 ./src/spi.o
 .comment       0x00000000       0x71 ./src/stm32f4xx_it.o
 .comment       0x00000000       0x71 ./src/uart.o
 .comment       0x00000000       0x71 ./lib/STM32F4xx_StdPeriph_Driver/src/misc.o
 .comment       0x00000000       0x71 ./lib/STM32F4xx_StdPeriph_Driver/src/stm32f4xx_gpio.o
 .comment       0x00000000       0x71 ./lib/STM32F4xx_StdPeriph_Driver/src/stm32f4xx_rcc.o
 .comment       0x00000000       0x71 ./lib/STM32F4xx_StdPeriph_Driver/src/stm32f4xx_spi.o
 .comment       0x00000000       0x71 ./lib/STM32F4xx_StdPeriph_Driver/src/stm32f4xx_tim.o
 .comment       0x00000000       0x71 ./lib/STM32F4xx_StdPeriph_Driver/src/stm32f4xx_usart.o

.debug_frame    0x00000000     0x1680
 .debug_frame   0x00000000       0x3c ./startup/system_stm32f4xx.o
 .debug_frame   0x0000003c       0x80 ./src/globalTimer.o
 .debug_frame   0x000000bc       0x70 ./src/io.o
 .debug_frame   0x0000012c       0x88 ./src/main.o
 .debug_frame   0x000001b4       0x30 ./src/nvic.o
 .debug_frame   0x000001e4      0x138 ./src/outpin.o
 .debug_frame   0x0000031c      0x1dc ./src/spi.o
 .debug_frame   0x000004f8       0x70 ./src/stm32f4xx_it.o
 .debug_frame   0x00000568       0xe4 ./src/uart.o
 .debug_frame   0x0000064c       0x68 ./lib/STM32F4xx_StdPeriph_Driver/src/misc.o
 .debug_frame   0x000006b4      0x120 ./lib/STM32F4xx_StdPeriph_Driver/src/stm32f4xx_gpio.o
 .debug_frame   0x000007d4      0x2e8 ./lib/STM32F4xx_StdPeriph_Driver/src/stm32f4xx_rcc.o
 .debug_frame   0x00000abc      0x1e4 ./lib/STM32F4xx_StdPeriph_Driver/src/stm32f4xx_spi.o
 .debug_frame   0x00000ca0      0x6bc ./lib/STM32F4xx_StdPeriph_Driver/src/stm32f4xx_tim.o
 .debug_frame   0x0000135c      0x220 ./lib/STM32F4xx_StdPeriph_Driver/src/stm32f4xx_usart.o
 .debug_frame   0x0000157c       0x68 c:/program files (x86)/gnu tools arm embedded/4.9 2014q4/bin/../lib/gcc/arm-none-eabi/4.9.3/../../../../arm-none-eabi/lib\libg.a(lib_a-__call_atexit.o)
 .debug_frame   0x000015e4       0x2c c:/program files (x86)/gnu tools arm embedded/4.9 2014q4/bin/../lib/gcc/arm-none-eabi/4.9.3/../../../../arm-none-eabi/lib\libg.a(lib_a-atexit.o)
 .debug_frame   0x00001610       0x34 c:/program files (x86)/gnu tools arm embedded/4.9 2014q4/bin/../lib/gcc/arm-none-eabi/4.9.3/../../../../arm-none-eabi/lib\libg.a(lib_a-fini.o)
 .debug_frame   0x00001644       0x3c c:/program files (x86)/gnu tools arm embedded/4.9 2014q4/bin/../lib/gcc/arm-none-eabi/4.9.3/../../../../arm-none-eabi/lib\libg.a(lib_a-__atexit.o)
