Archive member included because of file (symbol)

c:/program files (x86)/gnu tools arm embedded/4.9 2014q4/bin/../lib/gcc/arm-none-eabi/4.9.3/../../../../arm-none-eabi/lib/armv7e-m/softfp\libg.a(lib_a-exit.o)
                              c:/program files (x86)/gnu tools arm embedded/4.9 2014q4/bin/../lib/gcc/arm-none-eabi/4.9.3/../../../../arm-none-eabi/lib/armv7e-m/softfp/crt0.o (exit)
c:/program files (x86)/gnu tools arm embedded/4.9 2014q4/bin/../lib/gcc/arm-none-eabi/4.9.3/../../../../arm-none-eabi/lib/armv7e-m/softfp\libg.a(lib_a-impure.o)
                              c:/program files (x86)/gnu tools arm embedded/4.9 2014q4/bin/../lib/gcc/arm-none-eabi/4.9.3/../../../../arm-none-eabi/lib/armv7e-m/softfp\libg.a(lib_a-exit.o) (_global_impure_ptr)
c:/program files (x86)/gnu tools arm embedded/4.9 2014q4/bin/../lib/gcc/arm-none-eabi/4.9.3/../../../../arm-none-eabi/lib/armv7e-m/softfp\libg.a(lib_a-init.o)
                              c:/program files (x86)/gnu tools arm embedded/4.9 2014q4/bin/../lib/gcc/arm-none-eabi/4.9.3/../../../../arm-none-eabi/lib/armv7e-m/softfp/crt0.o (__libc_init_array)
c:/program files (x86)/gnu tools arm embedded/4.9 2014q4/bin/../lib/gcc/arm-none-eabi/4.9.3/../../../../arm-none-eabi/lib/armv7e-m/softfp\libg.a(lib_a-memset.o)
                              c:/program files (x86)/gnu tools arm embedded/4.9 2014q4/bin/../lib/gcc/arm-none-eabi/4.9.3/../../../../arm-none-eabi/lib/armv7e-m/softfp/crt0.o (memset)
c:/program files (x86)/gnu tools arm embedded/4.9 2014q4/bin/../lib/gcc/arm-none-eabi/4.9.3/../../../../arm-none-eabi/lib/armv7e-m/softfp\libg.a(lib_a-__call_atexit.o)
                              c:/program files (x86)/gnu tools arm embedded/4.9 2014q4/bin/../lib/gcc/arm-none-eabi/4.9.3/../../../../arm-none-eabi/lib/armv7e-m/softfp\libg.a(lib_a-exit.o) (__call_exitprocs)
c:/program files (x86)/gnu tools arm embedded/4.9 2014q4/bin/../lib/gcc/arm-none-eabi/4.9.3/../../../../arm-none-eabi/lib/armv7e-m/softfp\libg.a(lib_a-atexit.o)
                              c:/program files (x86)/gnu tools arm embedded/4.9 2014q4/bin/../lib/gcc/arm-none-eabi/4.9.3/../../../../arm-none-eabi/lib/armv7e-m/softfp\libg.a(lib_a-__call_atexit.o) (atexit)
c:/program files (x86)/gnu tools arm embedded/4.9 2014q4/bin/../lib/gcc/arm-none-eabi/4.9.3/../../../../arm-none-eabi/lib/armv7e-m/softfp\libg.a(lib_a-fini.o)
                              c:/program files (x86)/gnu tools arm embedded/4.9 2014q4/bin/../lib/gcc/arm-none-eabi/4.9.3/../../../../arm-none-eabi/lib/armv7e-m/softfp\libg.a(lib_a-__call_atexit.o) (__libc_fini_array)
c:/program files (x86)/gnu tools arm embedded/4.9 2014q4/bin/../lib/gcc/arm-none-eabi/4.9.3/../../../../arm-none-eabi/lib/armv7e-m/softfp\libg.a(lib_a-__atexit.o)
                              c:/program files (x86)/gnu tools arm embedded/4.9 2014q4/bin/../lib/gcc/arm-none-eabi/4.9.3/../../../../arm-none-eabi/lib/armv7e-m/softfp\libg.a(lib_a-atexit.o) (__register_exitproc)

Allocating common symbols
Common symbol       size              file

imp_freq            0x1               ./src/globalTimer.o
SpiCounterTX        0x2               ./src/spi.o
ADC_SampleValue     0x6               ./src/globalTimer.o
xfunc_out           0x4               ./lib/xprintf/xprintf.o
uiUsartRecieved     0x1               ./src/stm32f4xx_it.o
StringLoop          0x3               ./src/uart.o
ADC_Value           0x10              ./src/globalTimer.o
adc_value           0x18              ./src/main.o
OutBit_InitStruct   0x8               ./src/outpin.o
cntr_emit_wd        0x2               ./src/globalTimer.o
data                0x4               ./src/uart.o
count               0x4               ./src/globalTimer.o
Signal              0x2               ./src/globalTimer.o
chr                 0x1               ./src/uart.o
RxMessage           0x4               ./src/stm32f4xx_it.o
Rs485Recieved       0x1               ./src/stm32f4xx_it.o

Discarded input sections

 .text          0x00000000        0x0 c:/program files (x86)/gnu tools arm embedded/4.9 2014q4/bin/../lib/gcc/arm-none-eabi/4.9.3/armv7e-m/softfp/crti.o
 .data          0x00000000        0x0 c:/program files (x86)/gnu tools arm embedded/4.9 2014q4/bin/../lib/gcc/arm-none-eabi/4.9.3/armv7e-m/softfp/crti.o
 .bss           0x00000000        0x0 c:/program files (x86)/gnu tools arm embedded/4.9 2014q4/bin/../lib/gcc/arm-none-eabi/4.9.3/armv7e-m/softfp/crti.o
 .data          0x00000000        0x4 c:/program files (x86)/gnu tools arm embedded/4.9 2014q4/bin/../lib/gcc/arm-none-eabi/4.9.3/armv7e-m/softfp/crtbegin.o
 .text          0x00000000       0x74 c:/program files (x86)/gnu tools arm embedded/4.9 2014q4/bin/../lib/gcc/arm-none-eabi/4.9.3/../../../../arm-none-eabi/lib/armv7e-m/softfp/crt0.o
 .data          0x00000000        0x0 c:/program files (x86)/gnu tools arm embedded/4.9 2014q4/bin/../lib/gcc/arm-none-eabi/4.9.3/../../../../arm-none-eabi/lib/armv7e-m/softfp/crt0.o
[...]
Memory Configuration

Name             Origin             Length             Attributes
FLASH            0x08000000         0x00100000         xr
RAM              0x20000000         0x00020000         xrw
CCMRAM           0x10000000         0x00010000         xrw
MEMORY_B1        0x60000000         0x00000000         xr
*default*        0x00000000         0xffffffff

Linker script and memory map

LOAD c:/program files (x86)/gnu tools arm embedded/4.9 2014q4/bin/../lib/gcc/arm-none-eabi/4.9.3/armv7e-m/softfp/crti.o
LOAD c:/program files (x86)/gnu tools arm embedded/4.9 2014q4/bin/../lib/gcc/arm-none-eabi/4.9.3/armv7e-m/softfp/crtbegin.o
LOAD c:/program files (x86)/gnu tools arm embedded/4.9 2014q4/bin/../lib/gcc/arm-none-eabi/4.9.3/../../../../arm-none-eabi/lib/armv7e-m/softfp/crt0.o
LOAD ./startup/startup_stm32f4xx.o
LOAD ./startup/system_stm32f4xx.o
LOAD ./src/globalTimer.o
LOAD ./src/io.o
LOAD ./src/main.o
LOAD ./src/nvic.o
LOAD ./src/outpin.o
LOAD ./src/spi.o
LOAD ./src/stm32_ub_max5250.o
LOAD ./src/stm32_ub_spi2.o
LOAD ./src/stm32f4xx_it.o
LOAD ./src/uart.o
LOAD ./lib/xprintf/xprintf.o
LOAD ./lib/STM32F4xx_StdPeriph_Driver/src/misc.o
LOAD ./lib/STM32F4xx_StdPeriph_Driver/src/stm32f4xx_adc.o
LOAD ./lib/STM32F4xx_StdPeriph_Driver/src/stm32f4xx_can.o
LOAD ./lib/STM32F4xx_StdPeriph_Driver/src/stm32f4xx_crc.o
LOAD ./lib/STM32F4xx_StdPeriph_Driver/src/stm32f4xx_cryp.o
LOAD ./lib/STM32F4xx_StdPeriph_Driver/src/stm32f4xx_cryp_aes.o
LOAD ./lib/STM32F4xx_StdPeriph_Driver/src/stm32f4xx_cryp_des.o
LOAD ./lib/STM32F4xx_StdPeriph_Driver/src/stm32f4xx_cryp_tdes.o
LOAD ./lib/STM32F4xx_StdPeriph_Driver/src/stm32f4xx_dac.o
LOAD ./lib/STM32F4xx_StdPeriph_Driver/src/stm32f4xx_dbgmcu.o
LOAD ./lib/STM32F4xx_StdPeriph_Driver/src/stm32f4xx_dcmi.o
LOAD ./lib/STM32F4xx_StdPeriph_Driver/src/stm32f4xx_dma.o
LOAD ./lib/STM32F4xx_StdPeriph_Driver/src/stm32f4xx_exti.o
LOAD ./lib/STM32F4xx_StdPeriph_Driver/src/stm32f4xx_flash.o
LOAD ./lib/STM32F4xx_StdPeriph_Driver/src/stm32f4xx_fsmc.o
LOAD ./lib/STM32F4xx_StdPeriph_Driver/src/stm32f4xx_gpio.o
LOAD ./lib/STM32F4xx_StdPeriph_Driver/src/stm32f4xx_hash.o
LOAD ./lib/STM32F4xx_StdPeriph_Driver/src/stm32f4xx_hash_md5.o
LOAD ./lib/STM32F4xx_StdPeriph_Driver/src/stm32f4xx_hash_sha1.o
LOAD ./lib/STM32F4xx_StdPeriph_Driver/src/stm32f4xx_i2c.o
LOAD ./lib/STM32F4xx_StdPeriph_Driver/src/stm32f4xx_iwdg.o
LOAD ./lib/STM32F4xx_StdPeriph_Driver/src/stm32f4xx_pwr.o
LOAD ./lib/STM32F4xx_StdPeriph_Driver/src/stm32f4xx_rcc.o
LOAD ./lib/STM32F4xx_StdPeriph_Driver/src/stm32f4xx_rng.o
LOAD ./lib/STM32F4xx_StdPeriph_Driver/src/stm32f4xx_rtc.o
LOAD ./lib/STM32F4xx_StdPeriph_Driver/src/stm32f4xx_sdio.o
LOAD ./lib/STM32F4xx_StdPeriph_Driver/src/stm32f4xx_spi.o
LOAD ./lib/STM32F4xx_StdPeriph_Driver/src/stm32f4xx_syscfg.o
LOAD ./lib/STM32F4xx_StdPeriph_Driver/src/stm32f4xx_tim.o
LOAD ./lib/STM32F4xx_StdPeriph_Driver/src/stm32f4xx_usart.o
LOAD ./lib/STM32F4xx_StdPeriph_Driver/src/stm32f4xx_wwdg.o
START GROUP
LOAD c:/program files (x86)/gnu tools arm embedded/4.9 2014q4/bin/../lib/gcc/arm-none-eabi/4.9.3/armv7e-m/softfp\libgcc.a
LOAD c:/program files (x86)/gnu tools arm embedded/4.9 2014q4/bin/../lib/gcc/arm-none-eabi/4.9.3/../../../../arm-none-eabi/lib/armv7e-m/softfp\libg.a
LOAD c:/program files (x86)/gnu tools arm embedded/4.9 2014q4/bin/../lib/gcc/arm-none-eabi/4.9.3/../../../../arm-none-eabi/lib/armv7e-m/softfp\libc.a
END GROUP
LOAD c:/program files (x86)/gnu tools arm embedded/4.9 2014q4/bin/../lib/gcc/arm-none-eabi/4.9.3/armv7e-m/softfp/crtend.o
LOAD c:/program files (x86)/gnu tools arm embedded/4.9 2014q4/bin/../lib/gcc/arm-none-eabi/4.9.3/armv7e-m/softfp/crtn.o
                0x20020000                _estack = 0x20020000
                0x00000000                _Min_Heap_Size = 0x0
                0x00000400                _Min_Stack_Size = 0x400

.isr_vector     0x08000000      0x188
                0x08000000                . = ALIGN (0x4)
 *(.isr_vector)
 .isr_vector    0x08000000      0x188 ./startup/startup_stm32f4xx.o
                0x08000000                g_pfnVectors
                0x08000188                . = ALIGN (0x4)

.text           0x08000188     0x2d6c
                0x08000188                . = ALIGN (0x4)
 *(.text)
 .text          0x08000188       0x5c c:/program files (x86)/gnu tools arm embedded/4.9 2014q4/bin/../lib/gcc/arm-none-eabi/4.9.3/armv7e-m/softfp/crtbegin.o
 *(.text*)
 .text.Reset_Handler
                0x080001e4       0x44 ./startup/startup_stm32f4xx.o
                0x080001e4                Reset_Handler
 .text.Default_Handler
                0x08000228        0x2 ./startup/startup_stm32f4xx.o
                0x08000228                RTC_Alarm_IRQHandler
                0x08000228                HASH_RNG_IRQHandler
                0x08000228                EXTI2_IRQHandler
                0x08000228                TIM8_CC_IRQHandler
                0x08000228                TIM1_CC_IRQHandler
                0x08000228                DMA2_Stream5_IRQHandler
                0x08000228                DMA1_Stream5_IRQHandler
                0x08000228                SysTick_Handler
                0x08000228                PVD_IRQHandler
                0x08000228                SDIO_IRQHandler
                0x08000228                TAMP_STAMP_IRQHandler
                0x08000228                PendSV_Handler
                0x08000228                CAN2_RX1_IRQHandler
                0x08000228                EXTI3_IRQHandler
                0x08000228                TIM8_TRG_COM_TIM14_IRQHandler
                0x08000228                TIM1_UP_TIM10_IRQHandler
                0x08000228                TIM8_UP_TIM13_IRQHandler
                0x08000228                I2C3_ER_IRQHandler
                0x08000228                EXTI0_IRQHandler
                0x08000228                I2C2_EV_IRQHandler
                0x08000228                DMA1_Stream2_IRQHandler
                0x08000228                CAN1_RX0_IRQHandler
                0x08000228                FPU_IRQHandler
                0x08000228                OTG_HS_WKUP_IRQHandler
                0x08000228                CAN2_SCE_IRQHandler
                0x08000228                DMA2_Stream2_IRQHandler
                0x08000228                SPI1_IRQHandler
                0x08000228                TIM6_DAC_IRQHandler
                0x08000228                TIM1_BRK_TIM9_IRQHandler
                0x08000228                DCMI_IRQHandler
                0x08000228                CAN2_RX0_IRQHandler
                0x08000228                DMA2_Stream3_IRQHandler
                0x08000228                USART6_IRQHandler
                0x08000228                CRYP_IRQHandler
                0x08000228                CAN1_RX1_IRQHandler
                0x08000228                UART5_IRQHandler
                0x08000228                DMA2_Stream0_IRQHandler
                0x08000228                TIM4_IRQHandler
                0x08000228                I2C1_EV_IRQHandler
                0x08000228                DMA1_Stream6_IRQHandler
                0x08000228                DMA1_Stream1_IRQHandler
                0x08000228                UART4_IRQHandler
                0x08000228                TIM3_IRQHandler
                0x08000228                RCC_IRQHandler
                0x08000228                TIM8_BRK_TIM12_IRQHandler
                0x08000228                Default_Handler
                0x08000228                EXTI15_10_IRQHandler
                0x08000228                ADC_IRQHandler
                0x08000228                DMA1_Stream7_IRQHandler
                0x08000228                TIM7_IRQHandler
                0x08000228                CAN2_TX_IRQHandler
                0x08000228                DMA2_Stream7_IRQHandler
                0x08000228                I2C3_EV_IRQHandler
                0x08000228                EXTI9_5_IRQHandler
                0x08000228                RTC_WKUP_IRQHandler
                0x08000228                ETH_WKUP_IRQHandler
                0x08000228                SPI2_IRQHandler
                0x08000228                OTG_HS_EP1_IN_IRQHandler
                0x08000228                DMA1_Stream0_IRQHandler
                0x08000228                CAN1_TX_IRQHandler
                0x08000228                SVC_Handler
                0x08000228                EXTI4_IRQHandler
                0x08000228                FSMC_IRQHandler
                0x08000228                ETH_IRQHandler
                0x08000228                OTG_HS_EP1_OUT_IRQHandler
                0x08000228                WWDG_IRQHandler
                0x08000228                TIM2_IRQHandler
                0x08000228                OTG_FS_WKUP_IRQHandler
                0x08000228                TIM1_TRG_COM_TIM11_IRQHandler
                0x08000228                OTG_HS_IRQHandler
                0x08000228                EXTI1_IRQHandler
                0x08000228                USART2_IRQHandler
                0x08000228                I2C2_ER_IRQHandler
                0x08000228                DMA2_Stream1_IRQHandler
                0x08000228                CAN1_SCE_IRQHandler
                0x08000228                FLASH_IRQHandler
                0x08000228                DMA2_Stream4_IRQHandler
                0x08000228                USART1_IRQHandler
                0x08000228                OTG_FS_IRQHandler
                0x08000228                SPI3_IRQHandler
                0x08000228                DMA1_Stream4_IRQHandler
                0x08000228                I2C1_ER_IRQHandler
                0x08000228                DMA2_Stream6_IRQHandler
                0x08000228                DMA1_Stream3_IRQHandler
 *fill*         0x0800022a        0x2 
 .text.SystemInit
                0x0800022c       0x68 ./startup/system_stm32f4xx.o
                0x0800022c                SystemInit
 .text.SetSysClock
                0x08000294       0xf4 ./startup/system_stm32f4xx.o
 .text.GlobalTimerInit
                0x08000388       0x74 ./src/globalTimer.o
                0x08000388                GlobalTimerInit
 .text.TIM5_IRQHandler
                0x080003fc       0x64 ./src/globalTimer.o
                0x080003fc                TIM5_IRQHandler
 .text.delay_ms
                0x08000460       0x3c ./src/globalTimer.o
                0x08000460                delay_ms
 .text.read_diafragm
                0x0800049c       0x8c ./src/io.o
                0x0800049c                read_diafragm
 .text.read_abs
                0x08000528       0xa0 ./src/io.o
                0x08000528                read_abs
 .text.Initialization_All
                0x080005c8       0x2c ./src/main.o
                0x080005c8                Initialization_All
 .text.isCriticalError
                0x080005f4       0x3c ./src/main.o
                0x080005f4                isCriticalError
 .text.stopEmission
                0x08000630       0x5c ./src/main.o
                0x08000630                stopEmission
 .text.main     0x0800068c      0x848 ./src/main.o
                0x0800068c                main
 .text.NVIC_SetPriorityGrouping
                0x08000ed4       0x48 ./src/nvic.o
 .text.NVIC_conf
                0x08000f1c       0xc4 ./src/nvic.o
                0x08000f1c                NVIC_conf
 .text.init_outpin
                0x08000fe0      0x1d0 ./src/outpin.o
                0x08000fe0                init_outpin
 .text.close_shutter
                0x080011b0       0x40 ./src/outpin.o
                0x080011b0                close_shutter
 .text.open_shutter
                0x080011f0       0x40 ./src/outpin.o
                0x080011f0                open_shutter
 .text.left_shutter
                0x08001230       0x40 ./src/outpin.o
                0x08001230                left_shutter
 .text.right_shutter
                0x08001270       0x40 ./src/outpin.o
                0x08001270                right_shutter
 .text.close_iris
                0x080012b0       0x40 ./src/outpin.o
                0x080012b0                close_iris
 .text.open_iris
                0x080012f0       0x40 ./src/outpin.o
                0x080012f0                open_iris
 .text.stop_diaph
                0x08001330       0x40 ./src/outpin.o
                0x08001330                stop_diaph
 .text.Get_Debounced_0
                0x08001370       0x48 ./src/outpin.o
                0x08001370                Get_Debounced_0
 .text.NVIC_EnableIRQ
                0x080013b8       0x30 ./src/spi.o
 .text.delay    0x080013e8       0x20 ./src/spi.o
                0x080013e8                delay
 .text.Init_SPI2
                0x08001408       0xe0 ./src/spi.o
                0x08001408                Init_SPI2
 .text.Init_SPI3
                0x080014e8       0xb0 ./src/spi.o
                0x080014e8                Init_SPI3
 .text.Delay    0x08001598       0x20 ./src/spi.o
                0x08001598                Delay
 .text.Out_Data_SPI2
                0x080015b8       0x44 ./src/spi.o
                0x080015b8                Out_Data_SPI2
 .text.Out_Data_SPI3
                0x080015fc       0x44 ./src/spi.o
                0x080015fc                Out_Data_SPI3
 .text.In_Data_SPI2
                0x08001640       0x44 ./src/spi.o
                0x08001640                In_Data_SPI2
 .text.In_Data_SPI3
                0x08001684       0x44 ./src/spi.o
                0x08001684                In_Data_SPI3
 .text.SetKVref
                0x080016c8       0x88 ./src/spi.o
                0x080016c8                SetKVref
 .text.SetKVzero
                0x08001750       0x38 ./src/spi.o
                0x08001750                SetKVzero
 .text.SetFil   0x08001788       0x7c ./src/spi.o
                0x08001788                SetFil
 .text.SetFilZero
                0x08001804       0x28 ./src/spi.o
                0x08001804                SetFilZero
 .text.NMI_Handler
                0x0800182c        0xc ./src/stm32f4xx_it.o
                0x0800182c                NMI_Handler
 .text.HardFault_Handler
                0x08001838        0x8 ./src/stm32f4xx_it.o
                0x08001838                HardFault_Handler
 .text.MemManage_Handler
                0x08001840        0x8 ./src/stm32f4xx_it.o
                0x08001840                MemManage_Handler
 .text.BusFault_Handler
                0x08001848        0x8 ./src/stm32f4xx_it.o
                0x08001848                BusFault_Handler
 .text.UsageFault_Handler
                0x08001850        0x8 ./src/stm32f4xx_it.o
                0x08001850                UsageFault_Handler
 .text.DebugMon_Handler
                0x08001858        0xc ./src/stm32f4xx_it.o
                0x08001858                DebugMon_Handler
 .text.NVIC_EnableIRQ
                0x08001864       0x30 ./src/uart.o
 .text.Init_Uart3
                0x08001894       0xa4 ./src/uart.o
                0x08001894                Init_Uart3
 .text.USART3_IRQHandler
                0x08001938      0x740 ./src/uart.o
                0x08001938                USART3_IRQHandler
 .text.send_Uart
                0x08002078       0x30 ./src/uart.o
                0x08002078                send_Uart
 .text.send_int_Usart
                0x080020a8       0x70 ./src/uart.o
                0x080020a8                send_int_Usart
 .text.NVIC_Init
                0x08002118       0xc0 ./lib/STM32F4xx_StdPeriph_Driver/src/misc.o
                0x08002118                NVIC_Init
 .text.GPIO_Init
                0x080021d8      0x11c ./lib/STM32F4xx_StdPeriph_Driver/src/stm32f4xx_gpio.o
                0x080021d8                GPIO_Init
 .text.GPIO_ReadInputDataBit
                0x080022f4       0x34 ./lib/STM32F4xx_StdPeriph_Driver/src/stm32f4xx_gpio.o
                0x080022f4                GPIO_ReadInputDataBit
 .text.GPIO_SetBits
                0x08002328       0x1c ./lib/STM32F4xx_StdPeriph_Driver/src/stm32f4xx_gpio.o
                0x08002328                GPIO_SetBits
 .text.GPIO_ResetBits
                0x08002344       0x1c ./lib/STM32F4xx_StdPeriph_Driver/src/stm32f4xx_gpio.o
                0x08002344                GPIO_ResetBits
 .text.GPIO_ToggleBits
                0x08002360       0x24 ./lib/STM32F4xx_StdPeriph_Driver/src/stm32f4xx_gpio.o
                0x08002360                GPIO_ToggleBits
 .text.GPIO_PinAFConfig
                0x08002384       0x90 ./lib/STM32F4xx_StdPeriph_Driver/src/stm32f4xx_gpio.o
                0x08002384                GPIO_PinAFConfig
 .text.RCC_GetClocksFreq
                0x08002414      0x154 ./lib/STM32F4xx_StdPeriph_Driver/src/stm32f4xx_rcc.o
                0x08002414                RCC_GetClocksFreq
 .text.RCC_AHB1PeriphClockCmd
                0x08002568       0x3c ./lib/STM32F4xx_StdPeriph_Driver/src/stm32f4xx_rcc.o
                0x08002568                RCC_AHB1PeriphClockCmd
 .text.RCC_APB1PeriphClockCmd
                0x080025a4       0x3c ./lib/STM32F4xx_StdPeriph_Driver/src/stm32f4xx_rcc.o
                0x080025a4                RCC_APB1PeriphClockCmd
 .text.RCC_APB1PeriphResetCmd
                0x080025e0       0x3c ./lib/STM32F4xx_StdPeriph_Driver/src/stm32f4xx_rcc.o
                0x080025e0                RCC_APB1PeriphResetCmd
 .text.RCC_APB2PeriphResetCmd
                0x0800261c       0x3c ./lib/STM32F4xx_StdPeriph_Driver/src/stm32f4xx_rcc.o
                0x0800261c                RCC_APB2PeriphResetCmd
 .text.SPI_I2S_DeInit
                0x08002658       0x74 ./lib/STM32F4xx_StdPeriph_Driver/src/stm32f4xx_spi.o
                0x08002658                SPI_I2S_DeInit
 .text.SPI_Init
                0x080026cc       0x88 ./lib/STM32F4xx_StdPeriph_Driver/src/stm32f4xx_spi.o
                0x080026cc                SPI_Init
 .text.SPI_Cmd  0x08002754       0x40 ./lib/STM32F4xx_StdPeriph_Driver/src/stm32f4xx_spi.o
                0x08002754                SPI_Cmd
 .text.SPI_SSOutputCmd
                0x08002794       0x40 ./lib/STM32F4xx_StdPeriph_Driver/src/stm32f4xx_spi.o
                0x08002794                SPI_SSOutputCmd
 .text.SPI_I2S_ReceiveData
                0x080027d4       0x1c ./lib/STM32F4xx_StdPeriph_Driver/src/stm32f4xx_spi.o
                0x080027d4                SPI_I2S_ReceiveData
 .text.SPI_I2S_SendData
                0x080027f0       0x1c ./lib/STM32F4xx_StdPeriph_Driver/src/stm32f4xx_spi.o
                0x080027f0                SPI_I2S_SendData
 .text.SPI_I2S_ITConfig
                0x0800280c       0x60 ./lib/STM32F4xx_StdPeriph_Driver/src/stm32f4xx_spi.o
                0x0800280c                SPI_I2S_ITConfig
 .text.SPI_I2S_ClearFlag
                0x0800286c       0x20 ./lib/STM32F4xx_StdPeriph_Driver/src/stm32f4xx_spi.o
                0x0800286c                SPI_I2S_ClearFlag
 .text.TIM_TimeBaseInit
                0x0800288c       0xd4 ./lib/STM32F4xx_StdPeriph_Driver/src/stm32f4xx_tim.o
                0x0800288c                TIM_TimeBaseInit
 .text.TIM_UpdateDisableConfig
                0x08002960       0x40 ./lib/STM32F4xx_StdPeriph_Driver/src/stm32f4xx_tim.o
                0x08002960                TIM_UpdateDisableConfig
 .text.TIM_UpdateRequestConfig
                0x080029a0       0x40 ./lib/STM32F4xx_StdPeriph_Driver/src/stm32f4xx_tim.o
                0x080029a0                TIM_UpdateRequestConfig
 .text.TIM_Cmd  0x080029e0       0x40 ./lib/STM32F4xx_StdPeriph_Driver/src/stm32f4xx_tim.o
                0x080029e0                TIM_Cmd
 .text.TIM_ITConfig
                0x08002a20       0x48 ./lib/STM32F4xx_StdPeriph_Driver/src/stm32f4xx_tim.o
                0x08002a20                TIM_ITConfig
 .text.TIM_ClearITPendingBit
                0x08002a68       0x20 ./lib/STM32F4xx_StdPeriph_Driver/src/stm32f4xx_tim.o
                0x08002a68                TIM_ClearITPendingBit
 .text.USART_Init
                0x08002a88      0x178 ./lib/STM32F4xx_StdPeriph_Driver/src/stm32f4xx_usart.o
                0x08002a88                USART_Init
 .text.USART_Cmd
                0x08002c00       0x40 ./lib/STM32F4xx_StdPeriph_Driver/src/stm32f4xx_usart.o
                0x08002c00                USART_Cmd
 .text.USART_SendData
                0x08002c40       0x24 ./lib/STM32F4xx_StdPeriph_Driver/src/stm32f4xx_usart.o
                0x08002c40                USART_SendData
 .text.USART_ITConfig
                0x08002c64       0x90 ./lib/STM32F4xx_StdPeriph_Driver/src/stm32f4xx_usart.o
                0x08002c64                USART_ITConfig
 .text.USART_GetFlagStatus
                0x08002cf4       0x38 ./lib/STM32F4xx_StdPeriph_Driver/src/stm32f4xx_usart.o
                0x08002cf4                USART_GetFlagStatus
 .text.USART_GetITStatus
                0x08002d2c       0xb8 ./lib/STM32F4xx_StdPeriph_Driver/src/stm32f4xx_usart.o
                0x08002d2c                USART_GetITStatus
 .text.startup.register_fini
                0x08002de4       0x14 c:/program files (x86)/gnu tools arm embedded/4.9 2014q4/bin/../lib/gcc/arm-none-eabi/4.9.3/../../../../arm-none-eabi/lib/armv7e-m/softfp\libg.a(lib_a-__call_atexit.o)
 .text.atexit   0x08002df8        0xc c:/program files (x86)/gnu tools arm embedded/4.9 2014q4/bin/../lib/gcc/arm-none-eabi/4.9.3/../../../../arm-none-eabi/lib/armv7e-m/softfp\libg.a(lib_a-atexit.o)
                0x08002df8                atexit
 .text.__libc_fini_array
                0x08002e04       0x2c c:/program files (x86)/gnu tools arm embedded/4.9 2014q4/bin/../lib/gcc/arm-none-eabi/4.9.3/../../../../arm-none-eabi/lib/armv7e-m/softfp\libg.a(lib_a-fini.o)
                0x08002e04                __libc_fini_array
 .text.__register_exitproc
                0x08002e30       0xa4 c:/program files (x86)/gnu tools arm embedded/4.9 2014q4/bin/../lib/gcc/arm-none-eabi/4.9.3/../../../../arm-none-eabi/lib/armv7e-m/softfp\libg.a(lib_a-__atexit.o)
                0x08002e30                __register_exitproc
 *(.rodata)
 *(.rodata*)
 .rodata.str1.4
                0x08002ed4        0x4 c:/program files (x86)/gnu tools arm embedded/4.9 2014q4/bin/../lib/gcc/arm-none-eabi/4.9.3/../../../../arm-none-eabi/lib/armv7e-m/softfp\libg.a(lib_a-impure.o)
 .rodata._global_impure_ptr
                0x08002ed8        0x4 c:/program files (x86)/gnu tools arm embedded/4.9 2014q4/bin/../lib/gcc/arm-none-eabi/4.9.3/../../../../arm-none-eabi/lib/armv7e-m/softfp\libg.a(lib_a-impure.o)
                0x08002ed8                _global_impure_ptr
 *(.glue_7)
 .glue_7        0x00000000        0x0 linker stubs
 *(.glue_7t)
 .glue_7t       0x00000000        0x0 linker stubs
 *(.eh_frame)
 .eh_frame      0x08002edc        0x0 c:/program files (x86)/gnu tools arm embedded/4.9 2014q4/bin/../lib/gcc/arm-none-eabi/4.9.3/armv7e-m/softfp/crtbegin.o
 *(.init)
 .init          0x08002edc        0x4 c:/program files (x86)/gnu tools arm embedded/4.9 2014q4/bin/../lib/gcc/arm-none-eabi/4.9.3/armv7e-m/softfp/crti.o
                0x08002edc                _init
 .init          0x08002ee0        0x8 c:/program files (x86)/gnu tools arm embedded/4.9 2014q4/bin/../lib/gcc/arm-none-eabi/4.9.3/armv7e-m/softfp/crtn.o
 *(.fini)
 .fini          0x08002ee8        0x4 c:/program files (x86)/gnu tools arm embedded/4.9 2014q4/bin/../lib/gcc/arm-none-eabi/4.9.3/armv7e-m/softfp/crti.o
                0x08002ee8                _fini
 .fini          0x08002eec        0x8 c:/program files (x86)/gnu tools arm embedded/4.9 2014q4/bin/../lib/gcc/arm-none-eabi/4.9.3/armv7e-m/softfp/crtn.o
                0x08002ef4                . = ALIGN (0x4)
                0x08002ef4                _etext = .

.vfp11_veneer   0x08002ef4        0x0
 .vfp11_veneer  0x00000000        0x0 linker stubs

.v4_bx          0x08002ef4        0x0
 .v4_bx         0x00000000        0x0 linker stubs

.iplt           0x08002ef4        0x0
 .iplt          0x00000000        0x0 c:/program files (x86)/gnu tools arm embedded/4.9 2014q4/bin/../lib/gcc/arm-none-eabi/4.9.3/armv7e-m/softfp/crtbegin.o

.rel.dyn        0x08002ef4        0x0
 .rel.iplt      0x00000000        0x0 c:/program files (x86)/gnu tools arm embedded/4.9 2014q4/bin/../lib/gcc/arm-none-eabi/4.9.3/armv7e-m/softfp/crtbegin.o

.ARM.extab
 *(.ARM.extab* .gnu.linkonce.armextab.*)

.ARM            0x08002ef4        0x0
                0x08002ef4                __exidx_start = .
 *(.ARM.exidx*)
                0x08002ef4                __exidx_end = .

.preinit_array  0x08002ef4        0x0
                0x08002ef4                PROVIDE (__preinit_array_start, .)
 *(.preinit_array*)
                0x08002ef4                PROVIDE (__preinit_array_end, .)

.init_array     0x08002ef4        0x8
                0x08002ef4                PROVIDE (__init_array_start, .)
 *(SORT(.init_array.*))
 .init_array.00000
                0x08002ef4        0x4 c:/program files (x86)/gnu tools arm embedded/4.9 2014q4/bin/../lib/gcc/arm-none-eabi/4.9.3/../../../../arm-none-eabi/lib/armv7e-m/softfp\libg.a(lib_a-__call_atexit.o)
 *(.init_array*)
 .init_array    0x08002ef8        0x4 c:/program files (x86)/gnu tools arm embedded/4.9 2014q4/bin/../lib/gcc/arm-none-eabi/4.9.3/armv7e-m/softfp/crtbegin.o
                0x08002efc                PROVIDE (__init_array_end, .)

.fini_array     0x08002efc        0x4
                0x08002efc                PROVIDE (__fini_array_start, .)
 *(.fini_array*)
 .fini_array    0x08002efc        0x4 c:/program files (x86)/gnu tools arm embedded/4.9 2014q4/bin/../lib/gcc/arm-none-eabi/4.9.3/armv7e-m/softfp/crtbegin.o
 *(SORT(.fini_array.*))
                0x08002f00                PROVIDE (__fini_array_end, .)
                0x08002f00                _sidata = .

.data           0x20000000      0x448 load address 0x08002f00
                0x20000000                . = ALIGN (0x4)
                0x20000000                _sdata = .
 *(.data)
 *(.data*)
 .data.kv_ref   0x20000000        0x1 ./src/main.o
                0x20000000                kv_ref
 *fill*         0x20000001        0x1 
 .data.fil_ref  0x20000002        0x2 ./src/main.o
                0x20000002                fil_ref
 .data.ma_ref   0x20000004        0x1 ./src/main.o
                0x20000004                ma_ref
 *fill*         0x20000005        0x1 
 .data.imp_len  0x20000006        0x2 ./src/main.o
                0x20000006                imp_len
 .data.bytesToSend
                0x20000008        0x1 ./src/uart.o
                0x20000008                bytesToSend
 *fill*         0x20000009        0x3 
 .data.APBAHBPrescTable
                0x2000000c       0x10 ./lib/STM32F4xx_StdPeriph_Driver/src/stm32f4xx_rcc.o
 *fill*         0x2000001c        0x4 
 .data.impure_data
                0x20000020      0x428 c:/program files (x86)/gnu tools arm embedded/4.9 2014q4/bin/../lib/gcc/arm-none-eabi/4.9.3/../../../../arm-none-eabi/lib/armv7e-m/softfp\libg.a(lib_a-impure.o)
                0x20000448                . = ALIGN (0x4)
                0x20000448                _edata = .

.jcr            0x20000448        0x0 load address 0x08003348
 .jcr           0x20000448        0x0 c:/program files (x86)/gnu tools arm embedded/4.9 2014q4/bin/../lib/gcc/arm-none-eabi/4.9.3/armv7e-m/softfp/crtbegin.o

.igot.plt       0x20000448        0x0 load address 0x08003348
 .igot.plt      0x00000000        0x0 c:/program files (x86)/gnu tools arm embedded/4.9 2014q4/bin/../lib/gcc/arm-none-eabi/4.9.3/armv7e-m/softfp/crtbegin.o
                0x20000448                . = ALIGN (0x4)

.bss            0x20000448       0x78 load address 0x08003348
                0x20000448                _sbss = .
                0x20000448                __bss_start__ = _sbss
 *(.bss)
 .bss           0x20000448       0x1c c:/program files (x86)/gnu tools arm embedded/4.9 2014q4/bin/../lib/gcc/arm-none-eabi/4.9.3/armv7e-m/softfp/crtbegin.o
 *(.bss*)
 .bss.iris_fback
                0x20000464        0x2 ./src/main.o
                0x20000464                iris_fback
 .bss.state_err
                0x20000466        0x1 ./src/main.o
                0x20000466                state_err
 .bss.mode_kg   0x20000467        0x1 ./src/main.o
                0x20000467                mode_kg
 .bss.ma_measured
                0x20000468        0x2 ./src/main.o
                0x20000468                ma_measured
 .bss.mode_emit
                0x2000046a        0x1 ./src/main.o
                0x2000046a                mode_emit
 *fill*         0x2000046b        0x1 
 .bss.abs_fback
                0x2000046c        0x2 ./src/main.o
                0x2000046c                abs_fback
 .bss.cntr1     0x2000046e        0x2 ./src/main.o
                0x2000046e                cntr1
 .bss.cntr_laser
                0x20000470        0x2 ./src/main.o
                0x20000470                cntr_laser
 .bss.cntr_imp  0x20000472        0x2 ./src/main.o
                0x20000472                cntr_imp
 .bss.cntr_diaph
                0x20000474        0x2 ./src/main.o
                0x20000474                cntr_diaph
 .bss.buttonPressed1
                0x20000476        0x1 ./src/main.o
                0x20000476                buttonPressed1
 .bss.buttonPressed2
                0x20000477        0x1 ./src/main.o
                0x20000477                buttonPressed2
 .bss.pedalPressed1
                0x20000478        0x1 ./src/main.o
                0x20000478                pedalPressed1
 .bss.pedalPressed2
                0x20000479        0x1 ./src/main.o
                0x20000479                pedalPressed2
 .bss.emitConfirm
                0x2000047a        0x1 ./src/main.o
                0x2000047a                emitConfirm
 .bss.tempByte  0x2000047b        0x1 ./src/uart.o
                0x2000047b                tempByte
 .bss.sendDataCounter
                0x2000047c        0x1 ./src/uart.o
                0x2000047c                sendDataCounter
 .bss.recData   0x2000047d        0x1 ./src/uart.o
                0x2000047d                recData
 .bss.recFilL   0x2000047e        0x1 ./src/uart.o
                0x2000047e                recFilL
 .bss.recImpL   0x2000047f        0x1 ./src/uart.o
                0x2000047f                recImpL
 .bss.tx_index.6701
                0x20000480        0x4 ./src/uart.o
 *(COMMON)
 COMMON         0x20000484       0x26 ./src/globalTimer.o
                0x20000484                imp_freq
                0x20000488                ADC_SampleValue
                0x20000490                ADC_Value
                0x200004a0                cntr_emit_wd
                0x200004a4                count
                0x200004a8                Signal
 *fill*         0x200004aa        0x2 
 COMMON         0x200004ac        0x8 ./src/outpin.o
                0x200004ac                OutBit_InitStruct
 COMMON         0x200004b4        0x9 ./src/uart.o
                0x200004b4                StringLoop
                0x200004b8                data
                0x200004bc                chr
                0x200004c0                . = ALIGN (0x4)
 *fill*         0x200004bd        0x3 
                0x200004c0                _ebss = .
                0x200004c0                __bss_end__ = _ebss

._user_heap_stack
                0x200004c0      0x400 load address 0x080033c0
                0x200004c0                . = ALIGN (0x4)
                0x200004c0                PROVIDE (end, .)
                0x200004c0                PROVIDE (_end, .)
                0x200004c0                . = (. + _Min_Heap_Size)
                0x200008c0                . = (. + _Min_Stack_Size)
 *fill*         0x200004c0      0x400 
                0x200008c0                . = ALIGN (0x4)

.memory_b1_text
 *(.mb1text)
 *(.mb1text*)
 *(.mb1rodata)
 *(.mb1rodata*)

/DISCARD/
 libc.a(*)
 libm.a(*)
 libgcc.a(*)

.ARM.attributes
                0x00000000       0x2e
 *(.ARM.attributes)
 .ARM.attributes
                0x00000000       0x22 c:/program files (x86)/gnu tools arm embedded/4.9 2014q4/bin/../lib/gcc/arm-none-eabi/4.9.3/armv7e-m/softfp/crti.o
 .ARM.attributes
                0x00000022       0x32 c:/program files (x86)/gnu tools arm embedded/4.9 2014q4/bin/../lib/gcc/arm-none-eabi/4.9.3/armv7e-m/softfp/crtbegin.o
 .ARM.attributes
                0x00000054       0x21 ./startup/startup_stm32f4xx.o
 .ARM.attributes
                0x00000075       0x37 ./startup/system_stm32f4xx.o
 .ARM.attributes
                0x000000ac       0x37 ./src/globalTimer.o
 .ARM.attributes
                0x000000e3       0x37 ./src/io.o
 .ARM.attributes
                0x0000011a       0x37 ./src/main.o
 .ARM.attributes
                0x00000151       0x37 ./src/nvic.o
 .ARM.attributes
                0x00000188       0x37 ./src/outpin.o
 .ARM.attributes
                0x000001bf       0x37 ./src/spi.o
 .ARM.attributes
                0x000001f6       0x37 ./src/stm32f4xx_it.o
 .ARM.attributes
                0x0000022d       0x37 ./src/uart.o
 .ARM.attributes
                0x00000264       0x37 ./lib/STM32F4xx_StdPeriph_Driver/src/misc.o
 .ARM.attributes
                0x0000029b       0x37 ./lib/STM32F4xx_StdPeriph_Driver/src/stm32f4xx_gpio.o
 .ARM.attributes
                0x000002d2       0x37 ./lib/STM32F4xx_StdPeriph_Driver/src/stm32f4xx_rcc.o
 .ARM.attributes
                0x00000309       0x37 ./lib/STM32F4xx_StdPeriph_Driver/src/stm32f4xx_spi.o
 .ARM.attributes
                0x00000340       0x37 ./lib/STM32F4xx_StdPeriph_Driver/src/stm32f4xx_tim.o
 .ARM.attributes
                0x00000377       0x37 ./lib/STM32F4xx_StdPeriph_Driver/src/stm32f4xx_usart.o
 .ARM.attributes
                0x000003ae       0x32 c:/program files (x86)/gnu tools arm embedded/4.9 2014q4/bin/../lib/gcc/arm-none-eabi/4.9.3/../../../../arm-none-eabi/lib/armv7e-m/softfp\libg.a(lib_a-impure.o)
 .ARM.attributes
                0x000003e0       0x32 c:/program files (x86)/gnu tools arm embedded/4.9 2014q4/bin/../lib/gcc/arm-none-eabi/4.9.3/../../../../arm-none-eabi/lib/armv7e-m/softfp\libg.a(lib_a-__call_atexit.o)
 .ARM.attributes
                0x00000412       0x32 c:/program files (x86)/gnu tools arm embedded/4.9 2014q4/bin/../lib/gcc/arm-none-eabi/4.9.3/../../../../arm-none-eabi/lib/armv7e-m/softfp\libg.a(lib_a-atexit.o)
 .ARM.attributes
                0x00000444       0x32 c:/program files (x86)/gnu tools arm embedded/4.9 2014q4/bin/../lib/gcc/arm-none-eabi/4.9.3/../../../../arm-none-eabi/lib/armv7e-m/softfp\libg.a(lib_a-fini.o)
 .ARM.attributes
                0x00000476       0x32 c:/program files (x86)/gnu tools arm embedded/4.9 2014q4/bin/../lib/gcc/arm-none-eabi/4.9.3/../../../../arm-none-eabi/lib/armv7e-m/softfp\libg.a(lib_a-__atexit.o)
 .ARM.attributes
                0x000004a8       0x22 c:/program files (x86)/gnu tools arm embedded/4.9 2014q4/bin/../lib/gcc/arm-none-eabi/4.9.3/armv7e-m/softfp/crtn.o
OUTPUT(CollimatorCPU.elf elf32-littlearm)

.debug_line     0x00000000     0x5b44
 .debug_line    0x00000000       0x7a ./startup/startup_stm32f4xx.o
 .debug_line    0x0000007a      0x464 ./startup/system_stm32f4xx.o
 .debug_line    0x000004de      0x4e3 ./src/globalTimer.o
 .debug_line    0x000009c1      0x4ea ./src/io.o
 .debug_line    0x00000eab      0x621 ./src/main.o
 .debug_line    0x000014cc      0x4af ./src/nvic.o
 .debug_line    0x0000197b      0x591 ./src/outpin.o
 .debug_line    0x00001f0c      0x648 ./src/spi.o
 .debug_line    0x00002554      0x4f8 ./src/stm32f4xx_it.o
 .debug_line    0x00002a4c      0x642 ./src/uart.o
 .debug_line    0x0000308e      0x458 ./lib/STM32F4xx_StdPeriph_Driver/src/misc.o
 .debug_line    0x000034e6      0x54c ./lib/STM32F4xx_StdPeriph_Driver/src/stm32f4xx_gpio.o
 .debug_line    0x00003a32      0x7ab ./lib/STM32F4xx_StdPeriph_Driver/src/stm32f4xx_rcc.o
 .debug_line    0x000041dd      0x65c ./lib/STM32F4xx_StdPeriph_Driver/src/stm32f4xx_spi.o
 .debug_line    0x00004839      0xc74 ./lib/STM32F4xx_StdPeriph_Driver/src/stm32f4xx_tim.o
 .debug_line    0x000054ad      0x697 ./lib/STM32F4xx_StdPeriph_Driver/src/stm32f4xx_usart.o

.debug_info     0x00000000     0x8fb3
 .debug_info    0x00000000       0x64 ./startup/startup_stm32f4xx.o
 .debug_info    0x00000064      0x59a ./startup/system_stm32f4xx.o
 .debug_info    0x000005fe      0x8ba ./src/globalTimer.o
 .debug_info    0x00000eb8      0x81b ./src/io.o
 .debug_info    0x000016d3      0x46b ./src/main.o
 .debug_info    0x00001b3e      0x956 ./src/nvic.o
 .debug_info    0x00002494      0x5b4 ./src/outpin.o
 .debug_info    0x00002a48      0xc48 ./src/spi.o
 .debug_info    0x00003690      0x3e9 ./src/stm32f4xx_it.o
 .debug_info    0x00003a79      0xc54 ./src/uart.o
 .debug_info    0x000046cd      0x545 ./lib/STM32F4xx_StdPeriph_Driver/src/misc.o
 .debug_info    0x00004c12      0x60a ./lib/STM32F4xx_StdPeriph_Driver/src/stm32f4xx_gpio.o
 .debug_info    0x0000521c      0xc55 ./lib/STM32F4xx_StdPeriph_Driver/src/stm32f4xx_rcc.o
 .debug_info    0x00005e71      0xb0f ./lib/STM32F4xx_StdPeriph_Driver/src/stm32f4xx_spi.o
 .debug_info    0x00006980     0x1c69 ./lib/STM32F4xx_StdPeriph_Driver/src/stm32f4xx_tim.o
 .debug_info    0x000085e9      0x9ca ./lib/STM32F4xx_StdPeriph_Driver/src/stm32f4xx_usart.o

.debug_abbrev   0x00000000     0x158f
 .debug_abbrev  0x00000000       0x12 ./startup/startup_stm32f4xx.o
 .debug_abbrev  0x00000012      0x13b ./startup/system_stm32f4xx.o
 .debug_abbrev  0x0000014d      0x13e ./src/globalTimer.o
 .debug_abbrev  0x0000028b      0x131 ./src/io.o
 .debug_abbrev  0x000003bc      0x138 ./src/main.o
 .debug_abbrev  0x000004f4      0x154 ./src/nvic.o
 .debug_abbrev  0x00000648      0x147 ./src/outpin.o
 .debug_abbrev  0x0000078f      0x1e5 ./src/spi.o
 .debug_abbrev  0x00000974       0xc1 ./src/stm32f4xx_it.o
 .debug_abbrev  0x00000a35      0x22e ./src/uart.o
 .debug_abbrev  0x00000c63      0x14a ./lib/STM32F4xx_StdPeriph_Driver/src/misc.o
 .debug_abbrev  0x00000dad      0x1a8 ./lib/STM32F4xx_StdPeriph_Driver/src/stm32f4xx_gpio.o
 .debug_abbrev  0x00000f55      0x1e8 ./lib/STM32F4xx_StdPeriph_Driver/src/stm32f4xx_rcc.o
 .debug_abbrev  0x0000113d      0x16c ./lib/STM32F4xx_StdPeriph_Driver/src/stm32f4xx_spi.o
 .debug_abbrev  0x000012a9      0x18c ./lib/STM32F4xx_StdPeriph_Driver/src/stm32f4xx_tim.o
 .debug_abbrev  0x00001435      0x15a ./lib/STM32F4xx_StdPeriph_Driver/src/stm32f4xx_usart.o

.debug_aranges  0x00000000      0x9e0
 .debug_aranges
                0x00000000       0x28 ./startup/startup_stm32f4xx.o
 .debug_aranges
                0x00000028       0x30 ./startup/system_stm32f4xx.o
 .debug_aranges
                0x00000058       0x38 ./src/globalTimer.o
 .debug_aranges
                0x00000090       0x30 ./src/io.o
 .debug_aranges
                0x000000c0       0x38 ./src/main.o
 .debug_aranges
                0x000000f8       0x28 ./src/nvic.o
 .debug_aranges
                0x00000120       0x68 ./src/outpin.o
 .debug_aranges
                0x00000188       0xa0 ./src/spi.o
 .debug_aranges
                0x00000228       0x48 ./src/stm32f4xx_it.o
 .debug_aranges
                0x00000270       0x58 ./src/uart.o
 .debug_aranges
                0x000002c8       0x40 ./lib/STM32F4xx_StdPeriph_Driver/src/misc.o
 .debug_aranges
                0x00000308       0x88 ./lib/STM32F4xx_StdPeriph_Driver/src/stm32f4xx_gpio.o
 .debug_aranges
                0x00000390      0x178 ./lib/STM32F4xx_StdPeriph_Driver/src/stm32f4xx_rcc.o
 .debug_aranges
                0x00000508       0xe0 ./lib/STM32F4xx_StdPeriph_Driver/src/stm32f4xx_spi.o
 .debug_aranges
                0x000005e8      0x2f8 ./lib/STM32F4xx_StdPeriph_Driver/src/stm32f4xx_tim.o
 .debug_aranges
                0x000008e0      0x100 ./lib/STM32F4xx_StdPeriph_Driver/src/stm32f4xx_usart.o

.debug_ranges   0x00000000      0x8e8
 .debug_ranges  0x00000000       0x20 ./startup/startup_stm32f4xx.o
 .debug_ranges  0x00000020       0x20 ./startup/system_stm32f4xx.o
 .debug_ranges  0x00000040       0x28 ./src/globalTimer.o
 .debug_ranges  0x00000068       0x20 ./src/io.o
 .debug_ranges  0x00000088       0x28 ./src/main.o
 .debug_ranges  0x000000b0       0x18 ./src/nvic.o
 .debug_ranges  0x000000c8       0x58 ./src/outpin.o
 .debug_ranges  0x00000120       0x90 ./src/spi.o
 .debug_ranges  0x000001b0       0x38 ./src/stm32f4xx_it.o
 .debug_ranges  0x000001e8       0x48 ./src/uart.o
 .debug_ranges  0x00000230       0x30 ./lib/STM32F4xx_StdPeriph_Driver/src/misc.o
 .debug_ranges  0x00000260       0x78 ./lib/STM32F4xx_StdPeriph_Driver/src/stm32f4xx_gpio.o
 .debug_ranges  0x000002d8      0x168 ./lib/STM32F4xx_StdPeriph_Driver/src/stm32f4xx_rcc.o
 .debug_ranges  0x00000440       0xd0 ./lib/STM32F4xx_StdPeriph_Driver/src/stm32f4xx_spi.o
 .debug_ranges  0x00000510      0x2e8 ./lib/STM32F4xx_StdPeriph_Driver/src/stm32f4xx_tim.o
 .debug_ranges  0x000007f8       0xf0 ./lib/STM32F4xx_StdPeriph_Driver/src/stm32f4xx_usart.o

.debug_macro    0x00000000     0xe603
 .debug_macro   0x00000000      0x130 ./startup/system_stm32f4xx.o
 .debug_macro   0x00000130      0x880 ./startup/system_stm32f4xx.o
 .debug_macro   0x000009b0       0x5d ./startup/system_stm32f4xx.o
 .debug_macro   0x00000a0d       0x35 ./startup/system_stm32f4xx.o
 .debug_macro   0x00000a42       0x22 ./startup/system_stm32f4xx.o
 .debug_macro   0x00000a64       0x44 ./startup/system_stm32f4xx.o
 .debug_macro   0x00000aa8       0x1c ./startup/system_stm32f4xx.o
 .debug_macro   0x00000ac4      0x1f7 ./startup/system_stm32f4xx.o
 .debug_macro   0x00000cbb       0x18 ./startup/system_stm32f4xx.o
 .debug_macro   0x00000cd3       0x42 ./startup/system_stm32f4xx.o
 .debug_macro   0x00000d15      0x8cb ./startup/system_stm32f4xx.o
 .debug_macro   0x000015e0     0x8057 ./startup/system_stm32f4xx.o
 .debug_macro   0x00009637      0x44e ./startup/system_stm32f4xx.o
 .debug_macro   0x00009a85      0x3cf ./startup/system_stm32f4xx.o
 .debug_macro   0x00009e54      0x477 ./startup/system_stm32f4xx.o
 .debug_macro   0x0000a2cb      0x241 ./startup/system_stm32f4xx.o
 .debug_macro   0x0000a50c      0x265 ./startup/system_stm32f4xx.o
 .debug_macro   0x0000a771      0x538 ./startup/system_stm32f4xx.o
 .debug_macro   0x0000aca9      0x36a ./startup/system_stm32f4xx.o
 .debug_macro   0x0000b013      0x73b ./startup/system_stm32f4xx.o
 .debug_macro   0x0000b74e      0x220 ./startup/system_stm32f4xx.o
 .debug_macro   0x0000b96e       0x7f ./startup/system_stm32f4xx.o
 .debug_macro   0x0000b9ed       0x35 ./startup/system_stm32f4xx.o
 .debug_macro   0x0000ba22      0x17c ./src/globalTimer.o
 .debug_macro   0x0000bb9e      0x182 ./src/globalTimer.o
 .debug_macro   0x0000bd20       0xac ./src/globalTimer.o
 .debug_macro   0x0000bdcc       0xdf ./src/globalTimer.o
 .debug_macro   0x0000beab       0x22 ./src/globalTimer.o
 .debug_macro   0x0000becd       0x10 ./src/globalTimer.o
 .debug_macro   0x0000bedd       0x2e ./src/globalTimer.o
 .debug_macro   0x0000bf0b       0x22 ./src/globalTimer.o
 .debug_macro   0x0000bf2d      0x183 ./src/io.o
 .debug_macro   0x0000c0b0      0x178 ./src/main.o
 .debug_macro   0x0000c228      0x17c ./src/nvic.o
 .debug_macro   0x0000c3a4      0x17c ./src/outpin.o
 .debug_macro   0x0000c520      0x17c ./src/spi.o
 .debug_macro   0x0000c69c      0x182 ./src/stm32f4xx_it.o
 .debug_macro   0x0000c81e      0x183 ./src/uart.o
 .debug_macro   0x0000c9a1      0x11d ./lib/STM32F4xx_StdPeriph_Driver/src/misc.o
 .debug_macro   0x0000cabe       0x79 ./lib/STM32F4xx_StdPeriph_Driver/src/misc.o
 .debug_macro   0x0000cb37      0x117 ./lib/STM32F4xx_StdPeriph_Driver/src/stm32f4xx_gpio.o
 .debug_macro   0x0000cc4e      0x25f ./lib/STM32F4xx_StdPeriph_Driver/src/stm32f4xx_gpio.o
 .debug_macro   0x0000cead      0x1bf ./lib/STM32F4xx_StdPeriph_Driver/src/stm32f4xx_rcc.o
 .debug_macro   0x0000d06c      0x532 ./lib/STM32F4xx_StdPeriph_Driver/src/stm32f4xx_rcc.o
 .debug_macro   0x0000d59e      0x142 ./lib/STM32F4xx_StdPeriph_Driver/src/stm32f4xx_spi.o
 .debug_macro   0x0000d6e0      0x364 ./lib/STM32F4xx_StdPeriph_Driver/src/stm32f4xx_spi.o
 .debug_macro   0x0000da44      0x141 ./lib/STM32F4xx_StdPeriph_Driver/src/stm32f4xx_tim.o
 .debug_macro   0x0000db85      0x735 ./lib/STM32F4xx_StdPeriph_Driver/src/stm32f4xx_tim.o
 .debug_macro   0x0000e2ba      0x12f ./lib/STM32F4xx_StdPeriph_Driver/src/stm32f4xx_usart.o
 .debug_macro   0x0000e3e9      0x21a ./lib/STM32F4xx_StdPeriph_Driver/src/stm32f4xx_usart.o

.debug_str      0x00000000    0x4da8c
 .debug_str     0x00000000    0x48456 ./startup/system_stm32f4xx.o
                              0x48604 (size before relaxing)
 .debug_str     0x00048456     0x2bc1 ./src/globalTimer.o
                              0x4afb9 (size before relaxing)
 .debug_str     0x0004b017      0x44c ./src/io.o
                              0x4ac82 (size before relaxing)
 .debug_str     0x0004b463       0xb4 ./src/main.o
                              0x4a8fc (size before relaxing)
 .debug_str     0x0004b517       0xde ./src/nvic.o
                              0x4af3e (size before relaxing)
 .debug_str     0x0004b5f5       0xaa ./src/outpin.o
                              0x4aa50 (size before relaxing)
 .debug_str     0x0004b69f      0x1e5 ./src/spi.o
                              0x4b120 (size before relaxing)
 .debug_str     0x0004b884       0xca ./src/stm32f4xx_it.o
                              0x4a8d9 (size before relaxing)
 .debug_str     0x0004b94e      0x17c ./src/uart.o
                              0x4b134 (size before relaxing)
 .debug_str     0x0004baca      0x150 ./lib/STM32F4xx_StdPeriph_Driver/src/misc.o
                              0x48630 (size before relaxing)
 .debug_str     0x0004bc1a      0x18f ./lib/STM32F4xx_StdPeriph_Driver/src/stm32f4xx_gpio.o
                              0x486db (size before relaxing)
 .debug_str     0x0004bda9      0x9d4 ./lib/STM32F4xx_StdPeriph_Driver/src/stm32f4xx_rcc.o
                              0x48f5c (size before relaxing)
 .debug_str     0x0004c77d      0x321 ./lib/STM32F4xx_StdPeriph_Driver/src/stm32f4xx_spi.o
                              0x4899c (size before relaxing)
 .debug_str     0x0004ca9e      0xb3a ./lib/STM32F4xx_StdPeriph_Driver/src/stm32f4xx_tim.o
                              0x490cf (size before relaxing)
 .debug_str     0x0004d5d8      0x4b4 ./lib/STM32F4xx_StdPeriph_Driver/src/stm32f4xx_usart.o
                              0x489eb (size before relaxing)

.comment        0x00000000       0x70
 .comment       0x00000000       0x70 ./startup/system_stm32f4xx.o
                                 0x71 (size before relaxing)
 .comment       0x00000000       0x71 ./src/globalTimer.o
 .comment       0x00000000       0x71 ./src/io.o
 .comment       0x00000000       0x71 ./src/main.o
 .comment       0x00000000       0x71 ./src/nvic.o
 .comment       0x00000000       0x71 ./src/outpin.o
 .comment       0x00000000       0x71 ./src/spi.o
 .comment       0x00000000       0x71 ./src/stm32f4xx_it.o
 .comment       0x00000000       0x71 ./src/uart.o
 .comment       0x00000000       0x71 ./lib/STM32F4xx_StdPeriph_Driver/src/misc.o
 .comment       0x00000000       0x71 ./lib/STM32F4xx_StdPeriph_Driver/src/stm32f4xx_gpio.o
 .comment       0x00000000       0x71 ./lib/STM32F4xx_StdPeriph_Driver/src/stm32f4xx_rcc.o
 .comment       0x00000000       0x71 ./lib/STM32F4xx_StdPeriph_Driver/src/stm32f4xx_spi.o
 .comment       0x00000000       0x71 ./lib/STM32F4xx_StdPeriph_Driver/src/stm32f4xx_tim.o
 .comment       0x00000000       0x71 ./lib/STM32F4xx_StdPeriph_Driver/src/stm32f4xx_usart.o

.debug_frame    0x00000000     0x2990
 .debug_frame   0x00000000       0x7c ./startup/system_stm32f4xx.o
 .debug_frame   0x0000007c       0x98 ./src/globalTimer.o
 .debug_frame   0x00000114       0x7c ./src/io.o
 .debug_frame   0x00000190       0x88 ./src/main.o
 .debug_frame   0x00000218       0x5c ./src/nvic.o
 .debug_frame   0x00000274      0x138 ./src/outpin.o
 .debug_frame   0x000003ac      0x270 ./src/spi.o
 .debug_frame   0x0000061c       0xb0 ./src/stm32f4xx_it.o
 .debug_frame   0x000006cc      0x12c ./src/uart.o
 .debug_frame   0x000007f8       0xd8 ./lib/STM32F4xx_StdPeriph_Driver/src/misc.o
 .debug_frame   0x000008d0      0x23c ./lib/STM32F4xx_StdPeriph_Driver/src/stm32f4xx_gpio.o
 .debug_frame   0x00000b0c      0x6d4 ./lib/STM32F4xx_StdPeriph_Driver/src/stm32f4xx_rcc.o
 .debug_frame   0x000011e0      0x3f4 ./lib/STM32F4xx_StdPeriph_Driver/src/stm32f4xx_spi.o
 .debug_frame   0x000015d4      0xe54 ./lib/STM32F4xx_StdPeriph_Driver/src/stm32f4xx_tim.o
 .debug_frame   0x00002428      0x490 ./lib/STM32F4xx_StdPeriph_Driver/src/stm32f4xx_usart.o
 .debug_frame   0x000028b8       0x50 c:/program files (x86)/gnu tools arm embedded/4.9 2014q4/bin/../lib/gcc/arm-none-eabi/4.9.3/../../../../arm-none-eabi/lib/armv7e-m/softfp\libg.a(lib_a-__call_atexit.o)
 .debug_frame   0x00002908       0x20 c:/program files (x86)/gnu tools arm embedded/4.9 2014q4/bin/../lib/gcc/arm-none-eabi/4.9.3/../../../../arm-none-eabi/lib/armv7e-m/softfp\libg.a(lib_a-atexit.o)
 .debug_frame   0x00002928       0x34 c:/program files (x86)/gnu tools arm embedded/4.9 2014q4/bin/../lib/gcc/arm-none-eabi/4.9.3/../../../../arm-none-eabi/lib/armv7e-m/softfp\libg.a(lib_a-fini.o)
 .debug_frame   0x0000295c       0x34 c:/program files (x86)/gnu tools arm embedded/4.9 2014q4/bin/../lib/gcc/arm-none-eabi/4.9.3/../../../../arm-none-eabi/lib/armv7e-m/softfp\libg.a(lib_a-__atexit.o)
